Component: ARM Compiler 5.06 update 7 (build 960) Tool: armlink [4d3601]

==============================================================================

Section Cross References

    startup_stm32f446xx.o(RESET) refers to startup_stm32f446xx.o(STACK) for __initial_sp
    startup_stm32f446xx.o(RESET) refers to startup_stm32f446xx.o(.text) for Reset_Handler
    startup_stm32f446xx.o(RESET) refers to stm32f4xx_it.o(i.NMI_Handler) for NMI_Handler
    startup_stm32f446xx.o(RESET) refers to stm32f4xx_it.o(i.HardFault_Handler) for HardFault_Handler
    startup_stm32f446xx.o(RESET) refers to stm32f4xx_it.o(i.MemManage_Handler) for MemManage_Handler
    startup_stm32f446xx.o(RESET) refers to stm32f4xx_it.o(i.BusFault_Handler) for BusFault_Handler
    startup_stm32f446xx.o(RESET) refers to stm32f4xx_it.o(i.UsageFault_Handler) for UsageFault_Handler
    startup_stm32f446xx.o(RESET) refers to stm32f4xx_it.o(i.SVC_Handler) for SVC_Handler
    startup_stm32f446xx.o(RESET) refers to stm32f4xx_it.o(i.DebugMon_Handler) for DebugMon_Handler
    startup_stm32f446xx.o(RESET) refers to stm32f4xx_it.o(i.PendSV_Handler) for PendSV_Handler
    startup_stm32f446xx.o(RESET) refers to stm32f4xx_it.o(i.SysTick_Handler) for SysTick_Handler
    startup_stm32f446xx.o(RESET) refers to stm32f4xx_it.o(i.DMA1_Stream6_IRQHandler) for DMA1_Stream6_IRQHandler
    startup_stm32f446xx.o(RESET) refers to stm32f4xx_it.o(i.DMA2_Stream0_IRQHandler) for DMA2_Stream0_IRQHandler
    startup_stm32f446xx.o(.text) refers to system_stm32f4xx.o(i.SystemInit) for SystemInit
    startup_stm32f446xx.o(.text) refers to entry.o(.ARM.Collect$$$$00000000) for __main
    main.o(i.HAL_ADC_ConvCpltCallback) refers to arm_rfft_q15.o(.text.arm_rfft_q15) for arm_rfft_q15
    main.o(i.HAL_ADC_ConvCpltCallback) refers to main.o(i.FreqHash) for FreqHash
    main.o(i.HAL_ADC_ConvCpltCallback) refers to formattedoutput.o(i.NumToStr_uint32) for NumToStr_uint32
    main.o(i.HAL_ADC_ConvCpltCallback) refers to formattedoutput.o(i.digitCount_uint32_t) for digitCount_uint32_t
    main.o(i.HAL_ADC_ConvCpltCallback) refers to stm32f4xx_hal_uart.o(i.HAL_UART_Transmit) for HAL_UART_Transmit
    main.o(i.HAL_ADC_ConvCpltCallback) refers to stm32f4xx_hal_adc.o(i.HAL_ADC_Start_DMA) for HAL_ADC_Start_DMA
    main.o(i.HAL_ADC_ConvCpltCallback) refers to stm32f4xx_hal_gpio.o(i.HAL_GPIO_WritePin) for HAL_GPIO_WritePin
    main.o(i.HAL_ADC_ConvCpltCallback) refers to main.o(.bss) for .bss
    main.o(i.HAL_ADC_ConvCpltCallback) refers to main.o(.data) for .data
    main.o(i.HAL_ADC_ConvCpltCallback) refers to usart.o(.bss) for huart2
    main.o(i.HAL_ADC_ConvCpltCallback) refers to adc.o(.bss) for hadc1
    main.o(i.HAL_ADC_ConvHalfCpltCallback) refers to arm_rfft_q15.o(.text.arm_rfft_q15) for arm_rfft_q15
    main.o(i.HAL_ADC_ConvHalfCpltCallback) refers to main.o(i.FreqHash) for FreqHash
    main.o(i.HAL_ADC_ConvHalfCpltCallback) refers to formattedoutput.o(i.NumToStr_uint32) for NumToStr_uint32
    main.o(i.HAL_ADC_ConvHalfCpltCallback) refers to formattedoutput.o(i.digitCount_uint32_t) for digitCount_uint32_t
    main.o(i.HAL_ADC_ConvHalfCpltCallback) refers to stm32f4xx_hal_uart.o(i.HAL_UART_Transmit) for HAL_UART_Transmit
    main.o(i.HAL_ADC_ConvHalfCpltCallback) refers to stm32f4xx_hal_adc.o(i.HAL_ADC_Start_DMA) for HAL_ADC_Start_DMA
    main.o(i.HAL_ADC_ConvHalfCpltCallback) refers to main.o(.bss) for .bss
    main.o(i.HAL_ADC_ConvHalfCpltCallback) refers to main.o(.data) for .data
    main.o(i.HAL_ADC_ConvHalfCpltCallback) refers to usart.o(.bss) for huart2
    main.o(i.HAL_ADC_ConvHalfCpltCallback) refers to adc.o(.bss) for hadc1
    main.o(i.HAL_UART_TxCpltCallback) refers to main.o(.data) for .data
    main.o(i.PrintArray_q15_t) refers to formattedoutput.o(i.NumToStr_int16) for NumToStr_int16
    main.o(i.PrintArray_q15_t) refers to formattedoutput.o(i.digitCount_int16_t) for digitCount_int16_t
    main.o(i.PrintArray_q15_t) refers to stm32f4xx_hal_uart.o(i.HAL_UART_Transmit) for HAL_UART_Transmit
    main.o(i.PrintArray_q15_t) refers to usart.o(.bss) for huart2
    main.o(i.SystemClock_Config) refers to memseta.o(.text) for __aeabi_memclr4
    main.o(i.SystemClock_Config) refers to stm32f4xx_hal_rcc_ex.o(i.HAL_RCC_OscConfig) for HAL_RCC_OscConfig
    main.o(i.SystemClock_Config) refers to stm32f4xx_hal_pwr_ex.o(i.HAL_PWREx_EnableOverDrive) for HAL_PWREx_EnableOverDrive
    main.o(i.SystemClock_Config) refers to stm32f4xx_hal_rcc.o(i.HAL_RCC_ClockConfig) for HAL_RCC_ClockConfig
    main.o(i.main) refers to stm32f4xx_hal.o(i.HAL_Init) for HAL_Init
    main.o(i.main) refers to main.o(i.SystemClock_Config) for SystemClock_Config
    main.o(i.main) refers to gpio.o(i.MX_GPIO_Init) for MX_GPIO_Init
    main.o(i.main) refers to dma.o(i.MX_DMA_Init) for MX_DMA_Init
    main.o(i.main) refers to adc.o(i.MX_ADC1_Init) for MX_ADC1_Init
    main.o(i.main) refers to usart.o(i.MX_USART2_UART_Init) for MX_USART2_UART_Init
[...]
    Removing stm32f4xx_hal_pwr.o(i.HAL_PWR_DisableWakeUpPin), (16 bytes).
    Removing stm32f4xx_hal_pwr.o(i.HAL_PWR_EnableBkUpAccess), (24 bytes).
    Removing stm32f4xx_hal_pwr.o(i.HAL_PWR_EnablePVD), (12 bytes).
    Removing stm32f4xx_hal_pwr.o(i.HAL_PWR_EnableSEVOnPend), (16 bytes).
    Removing stm32f4xx_hal_pwr.o(i.HAL_PWR_EnableSleepOnExit), (16 bytes).
    Removing stm32f4xx_hal_pwr.o(i.HAL_PWR_EnableWakeUpPin), (16 bytes).
    Removing stm32f4xx_hal_pwr.o(i.HAL_PWR_EnterSLEEPMode), (32 bytes).
    Removing stm32f4xx_hal_pwr.o(i.HAL_PWR_EnterSTANDBYMode), (32 bytes).
    Removing stm32f4xx_hal_pwr.o(i.HAL_PWR_EnterSTOPMode), (56 bytes).
    Removing stm32f4xx_hal_pwr.o(i.HAL_PWR_PVDCallback), (2 bytes).
    Removing stm32f4xx_hal_pwr.o(i.HAL_PWR_PVD_IRQHandler), (28 bytes).
    Removing stm32f4xx_hal_pwr_ex.o(.rev16_text), (4 bytes).
    Removing stm32f4xx_hal_pwr_ex.o(.revsh_text), (4 bytes).
    Removing stm32f4xx_hal_pwr_ex.o(.rrx_text), (6 bytes).
    Removing stm32f4xx_hal_pwr_ex.o(i.HAL_PWREx_ControlVoltageScaling), (176 bytes).
    Removing stm32f4xx_hal_pwr_ex.o(i.HAL_PWREx_DisableBkUpReg), (60 bytes).
    Removing stm32f4xx_hal_pwr_ex.o(i.HAL_PWREx_DisableFlashPowerDown), (12 bytes).
    Removing stm32f4xx_hal_pwr_ex.o(i.HAL_PWREx_DisableOverDrive), (112 bytes).
    Removing stm32f4xx_hal_pwr_ex.o(i.HAL_PWREx_EnableBkUpReg), (60 bytes).
    Removing stm32f4xx_hal_pwr_ex.o(i.HAL_PWREx_EnableFlashPowerDown), (12 bytes).
    Removing stm32f4xx_hal_pwr_ex.o(i.HAL_PWREx_EnterUnderDriveSTOPMode), (96 bytes).
    Removing stm32f4xx_hal_pwr_ex.o(i.HAL_PWREx_GetVoltageRange), (16 bytes).
    Removing stm32f4xx_hal_cortex.o(.rev16_text), (4 bytes).
    Removing stm32f4xx_hal_cortex.o(.revsh_text), (4 bytes).
    Removing stm32f4xx_hal_cortex.o(.rrx_text), (6 bytes).
    Removing stm32f4xx_hal_cortex.o(i.HAL_MPU_ConfigRegion), (84 bytes).
    Removing stm32f4xx_hal_cortex.o(i.HAL_MPU_Disable), (28 bytes).
    Removing stm32f4xx_hal_cortex.o(i.HAL_MPU_Enable), (36 bytes).
    Removing stm32f4xx_hal_cortex.o(i.HAL_NVIC_ClearPendingIRQ), (26 bytes).
    Removing stm32f4xx_hal_cortex.o(i.HAL_NVIC_DisableIRQ), (34 bytes).
    Removing stm32f4xx_hal_cortex.o(i.HAL_NVIC_GetActive), (36 bytes).
    Removing stm32f4xx_hal_cortex.o(i.HAL_NVIC_GetPendingIRQ), (36 bytes).
    Removing stm32f4xx_hal_cortex.o(i.HAL_NVIC_GetPriority), (82 bytes).
    Removing stm32f4xx_hal_cortex.o(i.HAL_NVIC_GetPriorityGrouping), (16 bytes).
    Removing stm32f4xx_hal_cortex.o(i.HAL_NVIC_SetPendingIRQ), (26 bytes).
    Removing stm32f4xx_hal_cortex.o(i.HAL_NVIC_SystemReset), (36 bytes).
    Removing stm32f4xx_hal_cortex.o(i.HAL_SYSTICK_CLKSourceConfig), (24 bytes).
    Removing stm32f4xx_hal_cortex.o(i.HAL_SYSTICK_Callback), (2 bytes).
    Removing stm32f4xx_hal_cortex.o(i.HAL_SYSTICK_IRQHandler), (8 bytes).
    Removing stm32f4xx_hal.o(.rev16_text), (4 bytes).
    Removing stm32f4xx_hal.o(.revsh_text), (4 bytes).
    Removing stm32f4xx_hal.o(.rrx_text), (6 bytes).
    Removing stm32f4xx_hal.o(i.HAL_DBGMCU_DisableDBGSleepMode), (16 bytes).
    Removing stm32f4xx_hal.o(i.HAL_DBGMCU_DisableDBGStandbyMode), (16 bytes).
    Removing stm32f4xx_hal.o(i.HAL_DBGMCU_DisableDBGStopMode), (16 bytes).
    Removing stm32f4xx_hal.o(i.HAL_DBGMCU_EnableDBGSleepMode), (16 bytes).
    Removing stm32f4xx_hal.o(i.HAL_DBGMCU_EnableDBGStandbyMode), (16 bytes).
    Removing stm32f4xx_hal.o(i.HAL_DBGMCU_EnableDBGStopMode), (16 bytes).
    Removing stm32f4xx_hal.o(i.HAL_DeInit), (52 bytes).
    Removing stm32f4xx_hal.o(i.HAL_Delay), (36 bytes).
    Removing stm32f4xx_hal.o(i.HAL_DisableCompensationCell), (12 bytes).
    Removing stm32f4xx_hal.o(i.HAL_EnableCompensationCell), (12 bytes).
    Removing stm32f4xx_hal.o(i.HAL_GetDEVID), (16 bytes).
    Removing stm32f4xx_hal.o(i.HAL_GetHalVersion), (8 bytes).
    Removing stm32f4xx_hal.o(i.HAL_GetREVID), (12 bytes).
    Removing stm32f4xx_hal.o(i.HAL_GetTickFreq), (12 bytes).
    Removing stm32f4xx_hal.o(i.HAL_GetTickPrio), (12 bytes).
    Removing stm32f4xx_hal.o(i.HAL_GetUIDw0), (12 bytes).
    Removing stm32f4xx_hal.o(i.HAL_GetUIDw1), (12 bytes).
    Removing stm32f4xx_hal.o(i.HAL_GetUIDw2), (12 bytes).
    Removing stm32f4xx_hal.o(i.HAL_MspDeInit), (2 bytes).
    Removing stm32f4xx_hal.o(i.HAL_MspInit), (2 bytes).
    Removing stm32f4xx_hal.o(i.HAL_ResumeTick), (14 bytes).
    Removing stm32f4xx_hal.o(i.HAL_SetTickFreq), (36 bytes).
    Removing stm32f4xx_hal.o(i.HAL_SuspendTick), (14 bytes).
    Removing stm32f4xx_hal_exti.o(.rev16_text), (4 bytes).
    Removing stm32f4xx_hal_exti.o(.revsh_text), (4 bytes).
    Removing stm32f4xx_hal_exti.o(.rrx_text), (6 bytes).
    Removing stm32f4xx_hal_exti.o(i.HAL_EXTI_ClearConfigLine), (108 bytes).
    Removing stm32f4xx_hal_exti.o(i.HAL_EXTI_ClearPending), (20 bytes).
    Removing stm32f4xx_hal_exti.o(i.HAL_EXTI_GenerateSWI), (20 bytes).
    Removing stm32f4xx_hal_exti.o(i.HAL_EXTI_GetConfigLine), (156 bytes).
    Removing stm32f4xx_hal_exti.o(i.HAL_EXTI_GetHandle), (12 bytes).
    Removing stm32f4xx_hal_exti.o(i.HAL_EXTI_GetPending), (24 bytes).
    Removing stm32f4xx_hal_exti.o(i.HAL_EXTI_IRQHandler), (36 bytes).
    Removing stm32f4xx_hal_exti.o(i.HAL_EXTI_RegisterCallback), (14 bytes).
    Removing stm32f4xx_hal_exti.o(i.HAL_EXTI_SetConfigLine), (168 bytes).
    Removing stm32f4xx_hal_tim.o(.rev16_text), (4 bytes).
    Removing stm32f4xx_hal_tim.o(.revsh_text), (4 bytes).
    Removing stm32f4xx_hal_tim.o(.rrx_text), (6 bytes).
    Removing stm32f4xx_hal_tim_ex.o(.rev16_text), (4 bytes).
    Removing stm32f4xx_hal_tim_ex.o(.revsh_text), (4 bytes).
    Removing stm32f4xx_hal_tim_ex.o(.rrx_text), (6 bytes).
    Removing stm32f4xx_hal_uart.o(.rev16_text), (4 bytes).
    Removing stm32f4xx_hal_uart.o(.revsh_text), (4 bytes).
    Removing stm32f4xx_hal_uart.o(.rrx_text), (6 bytes).
    Removing stm32f4xx_hal_uart.o(i.HAL_HalfDuplex_EnableReceiver), (50 bytes).
    Removing stm32f4xx_hal_uart.o(i.HAL_HalfDuplex_EnableTransmitter), (50 bytes).
    Removing stm32f4xx_hal_uart.o(i.HAL_HalfDuplex_Init), (108 bytes).
    Removing stm32f4xx_hal_uart.o(i.HAL_LIN_Init), (128 bytes).
    Removing stm32f4xx_hal_uart.o(i.HAL_LIN_SendBreak), (46 bytes).
    Removing stm32f4xx_hal_uart.o(i.HAL_MultiProcessor_EnterMuteMode), (46 bytes).
    Removing stm32f4xx_hal_uart.o(i.HAL_MultiProcessor_ExitMuteMode), (46 bytes).
    Removing stm32f4xx_hal_uart.o(i.HAL_MultiProcessor_Init), (142 bytes).
    Removing stm32f4xx_hal_uart.o(i.HAL_UARTEx_ReceiveToIdle), (254 bytes).
    Removing stm32f4xx_hal_uart.o(i.HAL_UARTEx_ReceiveToIdle_DMA), (74 bytes).
    Removing stm32f4xx_hal_uart.o(i.HAL_UARTEx_ReceiveToIdle_IT), (74 bytes).
    Removing stm32f4xx_hal_uart.o(i.HAL_UARTEx_RxEventCallback), (2 bytes).
    Removing stm32f4xx_hal_uart.o(i.HAL_UART_Abort), (156 bytes).
    Removing stm32f4xx_hal_uart.o(i.HAL_UART_AbortCpltCallback), (2 bytes).
    Removing stm32f4xx_hal_uart.o(i.HAL_UART_AbortReceive), (106 bytes).
    Removing stm32f4xx_hal_uart.o(i.HAL_UART_AbortReceiveCpltCallback), (2 bytes).
    Removing stm32f4xx_hal_uart.o(i.HAL_UART_AbortReceive_IT), (112 bytes).
    Removing stm32f4xx_hal_uart.o(i.HAL_UART_AbortTransmit), (78 bytes).
    Removing stm32f4xx_hal_uart.o(i.HAL_UART_AbortTransmitCpltCallback), (2 bytes).
    Removing stm32f4xx_hal_uart.o(i.HAL_UART_AbortTransmit_IT), (84 bytes).
    Removing stm32f4xx_hal_uart.o(i.HAL_UART_Abort_IT), (188 bytes).
    Removing stm32f4xx_hal_uart.o(i.HAL_UART_DMAPause), (102 bytes).
    Removing stm32f4xx_hal_uart.o(i.HAL_UART_DMAResume), (94 bytes).
    Removing stm32f4xx_hal_uart.o(i.HAL_UART_DMAStop), (88 bytes).
    Removing stm32f4xx_hal_uart.o(i.HAL_UART_DeInit), (52 bytes).
    Removing stm32f4xx_hal_uart.o(i.HAL_UART_ErrorCallback), (2 bytes).
    Removing stm32f4xx_hal_uart.o(i.HAL_UART_GetError), (4 bytes).
    Removing stm32f4xx_hal_uart.o(i.HAL_UART_GetState), (10 bytes).
    Removing stm32f4xx_hal_uart.o(i.HAL_UART_IRQHandler), (528 bytes).
    Removing stm32f4xx_hal_uart.o(i.HAL_UART_MspDeInit), (2 bytes).
    Removing stm32f4xx_hal_uart.o(i.HAL_UART_MspInit), (2 bytes).
    Removing stm32f4xx_hal_uart.o(i.HAL_UART_Receive), (192 bytes).
    Removing stm32f4xx_hal_uart.o(i.HAL_UART_Receive_DMA), (42 bytes).
    Removing stm32f4xx_hal_uart.o(i.HAL_UART_Receive_IT), (42 bytes).
    Removing stm32f4xx_hal_uart.o(i.HAL_UART_RxCpltCallback), (2 bytes).
    Removing stm32f4xx_hal_uart.o(i.HAL_UART_RxHalfCpltCallback), (2 bytes).
    Removing stm32f4xx_hal_uart.o(i.HAL_UART_Transmit_DMA), (128 bytes).
    Removing stm32f4xx_hal_uart.o(i.HAL_UART_Transmit_IT), (62 bytes).
    Removing stm32f4xx_hal_uart.o(i.HAL_UART_TxCpltCallback), (2 bytes).
    Removing stm32f4xx_hal_uart.o(i.HAL_UART_TxHalfCpltCallback), (2 bytes).
    Removing stm32f4xx_hal_uart.o(i.UART_DMAAbortOnError), (16 bytes).
    Removing stm32f4xx_hal_uart.o(i.UART_DMAError), (74 bytes).
    Removing stm32f4xx_hal_uart.o(i.UART_DMAReceiveCplt), (90 bytes).
    Removing stm32f4xx_hal_uart.o(i.UART_DMARxAbortCallback), (44 bytes).
    Removing stm32f4xx_hal_uart.o(i.UART_DMARxHalfCplt), (26 bytes).
    Removing stm32f4xx_hal_uart.o(i.UART_DMARxOnlyAbortCallback), (22 bytes).
    Removing stm32f4xx_hal_uart.o(i.UART_DMATransmitCplt), (46 bytes).
    Removing stm32f4xx_hal_uart.o(i.UART_DMATxAbortCallback), (44 bytes).
    Removing stm32f4xx_hal_uart.o(i.UART_DMATxHalfCplt), (10 bytes).
    Removing stm32f4xx_hal_uart.o(i.UART_DMATxOnlyAbortCallback), (20 bytes).
    Removing stm32f4xx_hal_uart.o(i.UART_EndRxTransfer), (48 bytes).
    Removing stm32f4xx_hal_uart.o(i.UART_EndTxTransfer), (18 bytes).
    Removing stm32f4xx_hal_uart.o(i.UART_Receive_IT), (174 bytes).
    Removing stm32f4xx_hal_uart.o(i.UART_Start_Receive_DMA), (112 bytes).
    Removing stm32f4xx_hal_uart.o(i.UART_Start_Receive_IT), (54 bytes).
    Removing system_stm32f4xx.o(.rev16_text), (4 bytes).
    Removing system_stm32f4xx.o(.revsh_text), (4 bytes).
    Removing system_stm32f4xx.o(.rrx_text), (6 bytes).
    Removing system_stm32f4xx.o(i.SystemCoreClockUpdate), (124 bytes).
    Removing arm_rfft_init_q15.o(.text), (0 bytes).
    Removing arm_rfft_init_q15.o(.ARM.exidx.text.arm_rfft_init_q15), (8 bytes).
    Removing arm_rfft_q15.o(.text), (0 bytes).
    Removing arm_rfft_q15.o(.ARM.exidx.text.arm_rfft_q15), (8 bytes).
    Removing arm_rfft_q15.o(.ARM.exidx.text.arm_split_rifft_q15), (8 bytes).
    Removing arm_rfft_q15.o(.ARM.exidx.text.arm_split_rfft_q15), (8 bytes).
    Removing arm_cfft_q15.o(.text), (0 bytes).
    Removing arm_cfft_q15.o(.ARM.exidx.text.arm_cfft_q15), (8 bytes).
    Removing arm_cfft_q15.o(.ARM.exidx.text.arm_cfft_radix4by2_inverse_q15), (8 bytes).
    Removing arm_cfft_q15.o(.ARM.exidx.text.arm_cfft_radix4by2_q15), (8 bytes).
    Removing arm_common_tables.o(.text), (0 bytes).
    Removing arm_common_tables.o(.rodata.armBitRevTable), (2048 bytes).
    Removing arm_common_tables.o(.rodata.twiddleCoefF64_16), (256 bytes).
    Removing arm_common_tables.o(.rodata.twiddleCoefF64_32), (512 bytes).
    Removing arm_common_tables.o(.rodata.twiddleCoefF64_64), (1024 bytes).
    Removing arm_common_tables.o(.rodata.twiddleCoefF64_128), (2048 bytes).
    Removing arm_common_tables.o(.rodata.twiddleCoefF64_256), (4096 bytes).
    Removing arm_common_tables.o(.rodata.twiddleCoefF64_512), (8192 bytes).
    Removing arm_common_tables.o(.rodata.twiddleCoefF64_1024), (16384 bytes).
    Removing arm_common_tables.o(.rodata.twiddleCoefF64_2048), (32768 bytes).
    Removing arm_common_tables.o(.rodata.twiddleCoefF64_4096), (65536 bytes).
    Removing arm_common_tables.o(.rodata.twiddleCoef_16), (128 bytes).
    Removing arm_common_tables.o(.rodata.twiddleCoef_32), (256 bytes).
    Removing arm_common_tables.o(.rodata.twiddleCoef_64), (512 bytes).
    Removing arm_common_tables.o(.rodata.twiddleCoef_128), (1024 bytes).
    Removing arm_common_tables.o(.rodata.twiddleCoef_256), (2048 bytes).
    Removing arm_common_tables.o(.rodata.twiddleCoef_512), (4096 bytes).
    Removing arm_common_tables.o(.rodata.twiddleCoef_1024), (8192 bytes).
    Removing arm_common_tables.o(.rodata.twiddleCoef_2048), (16384 bytes).
    Removing arm_common_tables.o(.rodata.twiddleCoef_4096), (32768 bytes).
    Removing arm_common_tables.o(.rodata.twiddleCoef_16_q31), (96 bytes).
    Removing arm_common_tables.o(.rodata.twiddleCoef_32_q31), (192 bytes).
    Removing arm_common_tables.o(.rodata.twiddleCoef_64_q31), (384 bytes).
    Removing arm_common_tables.o(.rodata.twiddleCoef_128_q31), (768 bytes).
    Removing arm_common_tables.o(.rodata.twiddleCoef_256_q31), (1536 bytes).
    Removing arm_common_tables.o(.rodata.twiddleCoef_512_q31), (3072 bytes).
    Removing arm_common_tables.o(.rodata.twiddleCoef_1024_q31), (6144 bytes).
    Removing arm_common_tables.o(.rodata.twiddleCoef_2048_q31), (12288 bytes).
    Removing arm_common_tables.o(.rodata.twiddleCoef_4096_q31), (24576 bytes).
    Removing arm_common_tables.o(.rodata.armBitRevIndexTableF64_16), (24 bytes).
    Removing arm_common_tables.o(.rodata.armBitRevIndexTableF64_32), (48 bytes).
    Removing arm_common_tables.o(.rodata.armBitRevIndexTableF64_64), (112 bytes).
    Removing arm_common_tables.o(.rodata.armBitRevIndexTableF64_128), (224 bytes).
    Removing arm_common_tables.o(.rodata.armBitRevIndexTableF64_256), (480 bytes).
    Removing arm_common_tables.o(.rodata.armBitRevIndexTableF64_512), (960 bytes).
    Removing arm_common_tables.o(.rodata.armBitRevIndexTableF64_1024), (1984 bytes).
    Removing arm_common_tables.o(.rodata.armBitRevIndexTableF64_2048), (3968 bytes).
    Removing arm_common_tables.o(.rodata.armBitRevIndexTableF64_4096), (8064 bytes).
    Removing arm_common_tables.o(.rodata.armBitRevIndexTable16), (40 bytes).
    Removing arm_common_tables.o(.rodata.armBitRevIndexTable32), (96 bytes).
    Removing arm_common_tables.o(.rodata.armBitRevIndexTable64), (112 bytes).
    Removing arm_common_tables.o(.rodata.armBitRevIndexTable128), (416 bytes).
    Removing arm_common_tables.o(.rodata.armBitRevIndexTable256), (880 bytes).
    Removing arm_common_tables.o(.rodata.armBitRevIndexTable512), (896 bytes).
    Removing arm_common_tables.o(.rodata.armBitRevIndexTable1024), (3600 bytes).
    Removing arm_common_tables.o(.rodata.armBitRevIndexTable2048), (7616 bytes).
    Removing arm_common_tables.o(.rodata.armBitRevIndexTable4096), (8064 bytes).
    Removing arm_common_tables.o(.rodata.twiddleCoefF64_rfft_32), (256 bytes).
    Removing arm_common_tables.o(.rodata.twiddleCoefF64_rfft_64), (512 bytes).
    Removing arm_common_tables.o(.rodata.twiddleCoefF64_rfft_128), (1024 bytes).
    Removing arm_common_tables.o(.rodata.twiddleCoefF64_rfft_256), (2048 bytes).
    Removing arm_common_tables.o(.rodata.twiddleCoefF64_rfft_512), (4096 bytes).
    Removing arm_common_tables.o(.rodata.twiddleCoefF64_rfft_1024), (8192 bytes).
    Removing arm_common_tables.o(.rodata.twiddleCoefF64_rfft_2048), (16384 bytes).
    Removing arm_common_tables.o(.rodata.twiddleCoefF64_rfft_4096), (32768 bytes).
    Removing arm_common_tables.o(.rodata.twiddleCoef_rfft_32), (128 bytes).
    Removing arm_common_tables.o(.rodata.twiddleCoef_rfft_64), (256 bytes).
    Removing arm_common_tables.o(.rodata.twiddleCoef_rfft_128), (512 bytes).
    Removing arm_common_tables.o(.rodata.twiddleCoef_rfft_256), (1024 bytes).
    Removing arm_common_tables.o(.rodata.twiddleCoef_rfft_512), (2048 bytes).
    Removing arm_common_tables.o(.rodata.twiddleCoef_rfft_1024), (4096 bytes).
    Removing arm_common_tables.o(.rodata.twiddleCoef_rfft_2048), (8192 bytes).
    Removing arm_common_tables.o(.rodata.twiddleCoef_rfft_4096), (16384 bytes).
    Removing arm_common_tables.o(.rodata.realCoefA), (32768 bytes).
    Removing arm_common_tables.o(.rodata.realCoefB), (32768 bytes).
    Removing arm_common_tables.o(.rodata.realCoefAQ31), (32768 bytes).
    Removing arm_common_tables.o(.rodata.realCoefBQ31), (32768 bytes).
    Removing arm_common_tables.o(.rodata.Weights_128), (1024 bytes).
    Removing arm_common_tables.o(.rodata.cos_factors_128), (512 bytes).
    Removing arm_common_tables.o(.rodata.Weights_512), (4096 bytes).
    Removing arm_common_tables.o(.rodata.cos_factors_512), (2048 bytes).
    Removing arm_common_tables.o(.rodata.Weights_2048), (16384 bytes).
    Removing arm_common_tables.o(.rodata.cos_factors_2048), (8192 bytes).
    Removing arm_common_tables.o(.rodata.Weights_8192), (65536 bytes).
    Removing arm_common_tables.o(.rodata.cos_factors_8192), (32768 bytes).
    Removing arm_common_tables.o(.rodata.WeightsQ15_128), (512 bytes).
    Removing arm_common_tables.o(.rodata.cos_factorsQ15_128), (256 bytes).
    Removing arm_common_tables.o(.rodata.WeightsQ15_512), (2048 bytes).
    Removing arm_common_tables.o(.rodata.cos_factorsQ15_512), (1024 bytes).
    Removing arm_common_tables.o(.rodata.WeightsQ15_2048), (8192 bytes).
    Removing arm_common_tables.o(.rodata.cos_factorsQ15_2048), (4096 bytes).
    Removing arm_common_tables.o(.rodata.WeightsQ15_8192), (32768 bytes).
    Removing arm_common_tables.o(.rodata.cos_factorsQ15_8192), (16384 bytes).
    Removing arm_common_tables.o(.rodata.WeightsQ31_128), (1024 bytes).
    Removing arm_common_tables.o(.rodata.cos_factorsQ31_128), (512 bytes).
    Removing arm_common_tables.o(.rodata.WeightsQ31_512), (4096 bytes).
    Removing arm_common_tables.o(.rodata.cos_factorsQ31_512), (2048 bytes).
    Removing arm_common_tables.o(.rodata.WeightsQ31_2048), (16384 bytes).
    Removing arm_common_tables.o(.rodata.cos_factorsQ31_2048), (8192 bytes).
    Removing arm_common_tables.o(.rodata.WeightsQ31_8192), (65536 bytes).
    Removing arm_common_tables.o(.rodata.cos_factorsQ31_8192), (32768 bytes).
    Removing arm_common_tables.o(.rodata.armRecipTableQ15), (128 bytes).
    Removing arm_common_tables.o(.rodata.armRecipTableQ31), (256 bytes).
    Removing arm_common_tables.o(.rodata.sinTable_f32), (2052 bytes).
    Removing arm_common_tables.o(.rodata.sinTable_q31), (2052 bytes).
    Removing arm_common_tables.o(.rodata.sinTable_q15), (1026 bytes).
    Removing arm_const_structs.o(.text), (0 bytes).
    Removing arm_const_structs.o(.rodata.arm_cfft_sR_f64_len16), (16 bytes).
    Removing arm_const_structs.o(.rodata.arm_cfft_sR_f64_len32), (16 bytes).
    Removing arm_const_structs.o(.rodata.arm_cfft_sR_f64_len64), (16 bytes).
    Removing arm_const_structs.o(.rodata.arm_cfft_sR_f64_len128), (16 bytes).
    Removing arm_const_structs.o(.rodata.arm_cfft_sR_f64_len256), (16 bytes).
    Removing arm_const_structs.o(.rodata.arm_cfft_sR_f64_len512), (16 bytes).
    Removing arm_const_structs.o(.rodata.arm_cfft_sR_f64_len1024), (16 bytes).
    Removing arm_const_structs.o(.rodata.arm_cfft_sR_f64_len2048), (16 bytes).
    Removing arm_const_structs.o(.rodata.arm_cfft_sR_f64_len4096), (16 bytes).
    Removing arm_const_structs.o(.rodata.arm_cfft_sR_f32_len16), (16 bytes).
    Removing arm_const_structs.o(.rodata.arm_cfft_sR_f32_len32), (16 bytes).
    Removing arm_const_structs.o(.rodata.arm_cfft_sR_f32_len64), (16 bytes).
    Removing arm_const_structs.o(.rodata.arm_cfft_sR_f32_len128), (16 bytes).
    Removing arm_const_structs.o(.rodata.arm_cfft_sR_f32_len256), (16 bytes).
    Removing arm_const_structs.o(.rodata.arm_cfft_sR_f32_len512), (16 bytes).
    Removing arm_const_structs.o(.rodata.arm_cfft_sR_f32_len1024), (16 bytes).
    Removing arm_const_structs.o(.rodata.arm_cfft_sR_f32_len2048), (16 bytes).
    Removing arm_const_structs.o(.rodata.arm_cfft_sR_f32_len4096), (16 bytes).
    Removing arm_const_structs.o(.rodata.arm_cfft_sR_q31_len16), (16 bytes).
    Removing arm_const_structs.o(.rodata.arm_cfft_sR_q31_len32), (16 bytes).
    Removing arm_const_structs.o(.rodata.arm_cfft_sR_q31_len64), (16 bytes).
    Removing arm_const_structs.o(.rodata.arm_cfft_sR_q31_len128), (16 bytes).
    Removing arm_const_structs.o(.rodata.arm_cfft_sR_q31_len256), (16 bytes).
    Removing arm_const_structs.o(.rodata.arm_cfft_sR_q31_len512), (16 bytes).
    Removing arm_const_structs.o(.rodata.arm_cfft_sR_q31_len1024), (16 bytes).
    Removing arm_const_structs.o(.rodata.arm_cfft_sR_q31_len2048), (16 bytes).
    Removing arm_const_structs.o(.rodata.arm_cfft_sR_q31_len4096), (16 bytes).
    Removing arm_const_structs.o(.rodata.arm_rfft_fast_sR_f64_len32), (24 bytes).
    Removing arm_const_structs.o(.rodata.arm_rfft_fast_sR_f64_len64), (24 bytes).
    Removing arm_const_structs.o(.rodata.arm_rfft_fast_sR_f64_len128), (24 bytes).
    Removing arm_const_structs.o(.rodata.arm_rfft_fast_sR_f64_len256), (24 bytes).
    Removing arm_const_structs.o(.rodata.arm_rfft_fast_sR_f64_len512), (24 bytes).
    Removing arm_const_structs.o(.rodata.arm_rfft_fast_sR_f64_len1024), (24 bytes).
    Removing arm_const_structs.o(.rodata.arm_rfft_fast_sR_f64_len2048), (24 bytes).
    Removing arm_const_structs.o(.rodata.arm_rfft_fast_sR_f64_len4096), (24 bytes).
    Removing arm_const_structs.o(.rodata.arm_rfft_fast_sR_f32_len32), (24 bytes).
    Removing arm_const_structs.o(.rodata.arm_rfft_fast_sR_f32_len64), (24 bytes).
    Removing arm_const_structs.o(.rodata.arm_rfft_fast_sR_f32_len128), (24 bytes).
    Removing arm_const_structs.o(.rodata.arm_rfft_fast_sR_f32_len256), (24 bytes).
    Removing arm_const_structs.o(.rodata.arm_rfft_fast_sR_f32_len512), (24 bytes).
    Removing arm_const_structs.o(.rodata.arm_rfft_fast_sR_f32_len1024), (24 bytes).
    Removing arm_const_structs.o(.rodata.arm_rfft_fast_sR_f32_len2048), (24 bytes).
    Removing arm_const_structs.o(.rodata.arm_rfft_fast_sR_f32_len4096), (24 bytes).
    Removing arm_const_structs.o(.rodata.arm_rfft_sR_q31_len32), (24 bytes).
    Removing arm_const_structs.o(.rodata.arm_rfft_sR_q31_len64), (24 bytes).
    Removing arm_const_structs.o(.rodata.arm_rfft_sR_q31_len128), (24 bytes).
    Removing arm_const_structs.o(.rodata.arm_rfft_sR_q31_len256), (24 bytes).
    Removing arm_const_structs.o(.rodata.arm_rfft_sR_q31_len512), (24 bytes).
    Removing arm_const_structs.o(.rodata.arm_rfft_sR_q31_len1024), (24 bytes).
    Removing arm_const_structs.o(.rodata.arm_rfft_sR_q31_len2048), (24 bytes).
    Removing arm_const_structs.o(.rodata.arm_rfft_sR_q31_len4096), (24 bytes).
    Removing arm_const_structs.o(.rodata.arm_rfft_sR_q31_len8192), (24 bytes).
    Removing arm_const_structs.o(.rodata.arm_rfft_sR_q15_len32), (24 bytes).
    Removing arm_const_structs.o(.rodata.arm_rfft_sR_q15_len64), (24 bytes).
    Removing arm_const_structs.o(.rodata.arm_rfft_sR_q15_len128), (24 bytes).
    Removing arm_const_structs.o(.rodata.arm_rfft_sR_q15_len256), (24 bytes).
    Removing arm_const_structs.o(.rodata.arm_rfft_sR_q15_len512), (24 bytes).
    Removing arm_const_structs.o(.rodata.arm_rfft_sR_q15_len1024), (24 bytes).
    Removing arm_const_structs.o(.rodata.arm_rfft_sR_q15_len2048), (24 bytes).
    Removing arm_const_structs.o(.rodata.arm_rfft_sR_q15_len4096), (24 bytes).
    Removing arm_const_structs.o(.rodata.arm_rfft_sR_q15_len8192), (24 bytes).
    Removing arm_bitreversal2.o(.text), (0 bytes).
    Removing arm_bitreversal2.o(.text.arm_bitreversal_64), (138 bytes).
    Removing arm_bitreversal2.o(.ARM.exidx.text.arm_bitreversal_64), (8 bytes).
    Removing arm_bitreversal2.o(.text.arm_bitreversal_32), (68 bytes).
    Removing arm_bitreversal2.o(.ARM.exidx.text.arm_bitreversal_32), (8 bytes).
    Removing arm_bitreversal2.o(.ARM.exidx.text.arm_bitreversal_16), (8 bytes).
    Removing arm_cfft_radix4_q15.o(.text), (0 bytes).
    Removing arm_cfft_radix4_q15.o(.text.arm_cfft_radix4_q15), (56 bytes).
    Removing arm_cfft_radix4_q15.o(.ARM.exidx.text.arm_cfft_radix4_q15), (8 bytes).
    Removing arm_cfft_radix4_q15.o(.ARM.exidx.text.arm_radix4_butterfly_inverse_q15), (8 bytes).
    Removing arm_cfft_radix4_q15.o(.ARM.exidx.text.arm_radix4_butterfly_q15), (8 bytes).
    Removing arm_bitreversal.o(.text), (0 bytes).
    Removing arm_bitreversal.o(.text.arm_bitreversal_f32), (190 bytes).
    Removing arm_bitreversal.o(.ARM.exidx.text.arm_bitreversal_f32), (8 bytes).
    Removing arm_bitreversal.o(.text.arm_bitreversal_q31), (160 bytes).
    Removing arm_bitreversal.o(.ARM.exidx.text.arm_bitreversal_q31), (8 bytes).
    Removing arm_bitreversal.o(.text.arm_bitreversal_q15), (112 bytes).
    Removing arm_bitreversal.o(.ARM.exidx.text.arm_bitreversal_q15), (8 bytes).

514 unused section(s) (total 868896 bytes) removed from the image.

==============================================================================

Image Symbol Table

    Local Symbols

    Symbol Name                              Value     Ov Type        Size  Object(Section)

    ../Core/Src/adc.c                        0x00000000   Number         0  adc.o ABSOLUTE
    ../Core/Src/dma.c                        0x00000000   Number         0  dma.o ABSOLUTE
    ../Core/Src/gpio.c                       0x00000000   Number         0  gpio.o ABSOLUTE
    ../Core/Src/main.c                       0x00000000   Number         0  main.o ABSOLUTE
    ../Core/Src/stm32f4xx_hal_msp.c          0x00000000   Number         0  stm32f4xx_hal_msp.o ABSOLUTE
    ../Core/Src/stm32f4xx_it.c               0x00000000   Number         0  stm32f4xx_it.o ABSOLUTE
    ../Core/Src/system_stm32f4xx.c           0x00000000   Number         0  system_stm32f4xx.o ABSOLUTE
    ../Core/Src/usart.c                      0x00000000   Number         0  usart.o ABSOLUTE
    ../Drivers/STM32F4xx_HAL_Driver/Src/stm32f4xx_hal.c 0x00000000   Number         0  stm32f4xx_hal.o ABSOLUTE
    ../Drivers/STM32F4xx_HAL_Driver/Src/stm32f4xx_hal_adc.c 0x00000000   Number         0  stm32f4xx_hal_adc.o ABSOLUTE
    ../Drivers/STM32F4xx_HAL_Driver/Src/stm32f4xx_hal_adc_ex.c 0x00000000   Number         0  stm32f4xx_hal_adc_ex.o ABSOLUTE
    ../Drivers/STM32F4xx_HAL_Driver/Src/stm32f4xx_hal_cortex.c 0x00000000   Number         0  stm32f4xx_hal_cortex.o ABSOLUTE
    ../Drivers/STM32F4xx_HAL_Driver/Src/stm32f4xx_hal_dma.c 0x00000000   Number         0  stm32f4xx_hal_dma.o ABSOLUTE
    ../Drivers/STM32F4xx_HAL_Driver/Src/stm32f4xx_hal_dma_ex.c 0x00000000   Number         0  stm32f4xx_hal_dma_ex.o ABSOLUTE
    ../Drivers/STM32F4xx_HAL_Driver/Src/stm32f4xx_hal_exti.c 0x00000000   Number         0  stm32f4xx_hal_exti.o ABSOLUTE
    ../Drivers/STM32F4xx_HAL_Driver/Src/stm32f4xx_hal_flash.c 0x00000000   Number         0  stm32f4xx_hal_flash.o ABSOLUTE
    ../Drivers/STM32F4xx_HAL_Driver/Src/stm32f4xx_hal_flash_ex.c 0x00000000   Number         0  stm32f4xx_hal_flash_ex.o ABSOLUTE
    ../Drivers/STM32F4xx_HAL_Driver/Src/stm32f4xx_hal_flash_ramfunc.c 0x00000000   Number         0  stm32f4xx_hal_flash_ramfunc.o ABSOLUTE
    ../Drivers/STM32F4xx_HAL_Driver/Src/stm32f4xx_hal_gpio.c 0x00000000   Number         0  stm32f4xx_hal_gpio.o ABSOLUTE
    ../Drivers/STM32F4xx_HAL_Driver/Src/stm32f4xx_hal_pwr.c 0x00000000   Number         0  stm32f4xx_hal_pwr.o ABSOLUTE
    ../Drivers/STM32F4xx_HAL_Driver/Src/stm32f4xx_hal_pwr_ex.c 0x00000000   Number         0  stm32f4xx_hal_pwr_ex.o ABSOLUTE
    ../Drivers/STM32F4xx_HAL_Driver/Src/stm32f4xx_hal_rcc.c 0x00000000   Number         0  stm32f4xx_hal_rcc.o ABSOLUTE
    ../Drivers/STM32F4xx_HAL_Driver/Src/stm32f4xx_hal_rcc_ex.c 0x00000000   Number         0  stm32f4xx_hal_rcc_ex.o ABSOLUTE
    ../Drivers/STM32F4xx_HAL_Driver/Src/stm32f4xx_hal_tim.c 0x00000000   Number         0  stm32f4xx_hal_tim.o ABSOLUTE
    ../Drivers/STM32F4xx_HAL_Driver/Src/stm32f4xx_hal_tim_ex.c 0x00000000   Number         0  stm32f4xx_hal_tim_ex.o ABSOLUTE
    ../Drivers/STM32F4xx_HAL_Driver/Src/stm32f4xx_hal_uart.c 0x00000000   Number         0  stm32f4xx_hal_uart.o ABSOLUTE
    ../Drivers/STM32F4xx_HAL_Driver/Src/stm32f4xx_ll_adc.c 0x00000000   Number         0  stm32f4xx_ll_adc.o ABSOLUTE
    ../clib/microlib/division.c              0x00000000   Number         0  uldiv.o ABSOLUTE
    ../clib/microlib/init/entry.s            0x00000000   Number         0  entry8a.o ABSOLUTE
    ../clib/microlib/init/entry.s            0x00000000   Number         0  entry8b.o ABSOLUTE
    ../clib/microlib/init/entry.s            0x00000000   Number         0  entry2.o ABSOLUTE
    ../clib/microlib/init/entry.s            0x00000000   Number         0  entry.o ABSOLUTE
    ../clib/microlib/init/entry.s            0x00000000   Number         0  entry9b.o ABSOLUTE
    ../clib/microlib/init/entry.s            0x00000000   Number         0  entry5.o ABSOLUTE
    ../clib/microlib/init/entry.s            0x00000000   Number         0  entry7a.o ABSOLUTE
    ../clib/microlib/init/entry.s            0x00000000   Number         0  entry7b.o ABSOLUTE
    ../clib/microlib/init/entry.s            0x00000000   Number         0  entry9a.o ABSOLUTE
    ../clib/microlib/init/entry.s            0x00000000   Number         0  entry10a.o ABSOLUTE
    ../clib/microlib/init/entry.s            0x00000000   Number         0  entry10b.o ABSOLUTE
    ../clib/microlib/init/entry.s            0x00000000   Number         0  entry11a.o ABSOLUTE
    ../clib/microlib/init/entry.s            0x00000000   Number         0  entry11b.o ABSOLUTE
    ../clib/microlib/init/entry.s            0x00000000   Number         0  entry12a.o ABSOLUTE
    ../clib/microlib/init/entry.s            0x00000000   Number         0  entry12b.o ABSOLUTE
    ../clib/microlib/longlong.c              0x00000000   Number         0  llushr.o ABSOLUTE
    ../clib/microlib/longlong.c              0x00000000   Number         0  llshl.o ABSOLUTE
    ../clib/microlib/string/memset.c         0x00000000   Number         0  memseta.o ABSOLUTE
    ..\Core\Src\FormattedOutput.c            0x00000000   Number         0  formattedoutput.o ABSOLUTE
    ..\Core\Src\adc.c                        0x00000000   Number         0  adc.o ABSOLUTE
    ..\Core\Src\dma.c                        0x00000000   Number         0  dma.o ABSOLUTE
    ..\Core\Src\gpio.c                       0x00000000   Number         0  gpio.o ABSOLUTE
    ..\Core\Src\main.c                       0x00000000   Number         0  main.o ABSOLUTE
    ..\Core\Src\stm32f4xx_hal_msp.c          0x00000000   Number         0  stm32f4xx_hal_msp.o ABSOLUTE
    ..\Core\Src\stm32f4xx_it.c               0x00000000   Number         0  stm32f4xx_it.o ABSOLUTE
    ..\Core\Src\system_stm32f4xx.c           0x00000000   Number         0  system_stm32f4xx.o ABSOLUTE
    ..\Core\Src\usart.c                      0x00000000   Number         0  usart.o ABSOLUTE
    ..\Drivers\STM32F4xx_HAL_Driver\Src\stm32f4xx_hal.c 0x00000000   Number         0  stm32f4xx_hal.o ABSOLUTE
    ..\Drivers\STM32F4xx_HAL_Driver\Src\stm32f4xx_hal_adc.c 0x00000000   Number         0  stm32f4xx_hal_adc.o ABSOLUTE
    ..\Drivers\STM32F4xx_HAL_Driver\Src\stm32f4xx_hal_adc_ex.c 0x00000000   Number         0  stm32f4xx_hal_adc_ex.o ABSOLUTE
    ..\Drivers\STM32F4xx_HAL_Driver\Src\stm32f4xx_hal_cortex.c 0x00000000   Number         0  stm32f4xx_hal_cortex.o ABSOLUTE
    ..\Drivers\STM32F4xx_HAL_Driver\Src\stm32f4xx_hal_dma.c 0x00000000   Number         0  stm32f4xx_hal_dma.o ABSOLUTE
    ..\Drivers\STM32F4xx_HAL_Driver\Src\stm32f4xx_hal_dma_ex.c 0x00000000   Number         0  stm32f4xx_hal_dma_ex.o ABSOLUTE
    ..\Drivers\STM32F4xx_HAL_Driver\Src\stm32f4xx_hal_exti.c 0x00000000   Number         0  stm32f4xx_hal_exti.o ABSOLUTE
    ..\Drivers\STM32F4xx_HAL_Driver\Src\stm32f4xx_hal_flash.c 0x00000000   Number         0  stm32f4xx_hal_flash.o ABSOLUTE
    ..\Drivers\STM32F4xx_HAL_Driver\Src\stm32f4xx_hal_flash_ex.c 0x00000000   Number         0  stm32f4xx_hal_flash_ex.o ABSOLUTE
    ..\Drivers\STM32F4xx_HAL_Driver\Src\stm32f4xx_hal_flash_ramfunc.c 0x00000000   Number         0  stm32f4xx_hal_flash_ramfunc.o ABSOLUTE
    ..\Drivers\STM32F4xx_HAL_Driver\Src\stm32f4xx_hal_gpio.c 0x00000000   Number         0  stm32f4xx_hal_gpio.o ABSOLUTE
    ..\Drivers\STM32F4xx_HAL_Driver\Src\stm32f4xx_hal_pwr.c 0x00000000   Number         0  stm32f4xx_hal_pwr.o ABSOLUTE
    ..\Drivers\STM32F4xx_HAL_Driver\Src\stm32f4xx_hal_pwr_ex.c 0x00000000   Number         0  stm32f4xx_hal_pwr_ex.o ABSOLUTE
    ..\Drivers\STM32F4xx_HAL_Driver\Src\stm32f4xx_hal_rcc.c 0x00000000   Number         0  stm32f4xx_hal_rcc.o ABSOLUTE
    ..\Drivers\STM32F4xx_HAL_Driver\Src\stm32f4xx_hal_rcc_ex.c 0x00000000   Number         0  stm32f4xx_hal_rcc_ex.o ABSOLUTE
    ..\Drivers\STM32F4xx_HAL_Driver\Src\stm32f4xx_hal_tim.c 0x00000000   Number         0  stm32f4xx_hal_tim.o ABSOLUTE
    ..\Drivers\STM32F4xx_HAL_Driver\Src\stm32f4xx_hal_tim_ex.c 0x00000000   Number         0  stm32f4xx_hal_tim_ex.o ABSOLUTE
    ..\Drivers\STM32F4xx_HAL_Driver\Src\stm32f4xx_hal_uart.c 0x00000000   Number         0  stm32f4xx_hal_uart.o ABSOLUTE
    ..\\Core\\Src\\FormattedOutput.c         0x00000000   Number         0  formattedoutput.o ABSOLUTE
    arm_bitreversal.c                        0x00000000   Number         0  arm_bitreversal.o ABSOLUTE
    arm_bitreversal2.c                       0x00000000   Number         0  arm_bitreversal2.o ABSOLUTE
    arm_cfft_q15.c                           0x00000000   Number         0  arm_cfft_q15.o ABSOLUTE
    arm_cfft_radix4_q15.c                    0x00000000   Number         0  arm_cfft_radix4_q15.o ABSOLUTE
    arm_common_tables.c                      0x00000000   Number         0  arm_common_tables.o ABSOLUTE
    arm_const_structs.c                      0x00000000   Number         0  arm_const_structs.o ABSOLUTE
    arm_rfft_init_q15.c                      0x00000000   Number         0  arm_rfft_init_q15.o ABSOLUTE
    arm_rfft_q15.c                           0x00000000   Number         0  arm_rfft_q15.o ABSOLUTE
    dc.s                                     0x00000000   Number         0  dc.o ABSOLUTE
    handlers.s                               0x00000000   Number         0  handlers.o ABSOLUTE
    init.s                                   0x00000000   Number         0  init.o ABSOLUTE
    startup_stm32f446xx.s                    0x00000000   Number         0  startup_stm32f446xx.o ABSOLUTE
    RESET                                    0x08000000   Section      452  startup_stm32f446xx.o(RESET)
    .ARM.Collect$$$$00000000                 0x080001c4   Section        0  entry.o(.ARM.Collect$$$$00000000)
    .ARM.Collect$$$$00000001                 0x080001c4   Section        4  entry2.o(.ARM.Collect$$$$00000001)
    .ARM.Collect$$$$00000004                 0x080001c8   Section        4  entry5.o(.ARM.Collect$$$$00000004)
    .ARM.Collect$$$$00000008                 0x080001cc   Section        0  entry7b.o(.ARM.Collect$$$$00000008)
    .ARM.Collect$$$$0000000A                 0x080001cc   Section        0  entry8b.o(.ARM.Collect$$$$0000000A)
    .ARM.Collect$$$$0000000B                 0x080001cc   Section        8  entry9a.o(.ARM.Collect$$$$0000000B)
    .ARM.Collect$$$$0000000E                 0x080001d4   Section        4  entry12b.o(.ARM.Collect$$$$0000000E)
    .ARM.Collect$$$$0000000F                 0x080001d8   Section        0  entry10a.o(.ARM.Collect$$$$0000000F)
    .ARM.Collect$$$$00000011                 0x080001d8   Section        0  entry11a.o(.ARM.Collect$$$$00000011)
    .ARM.Collect$$$$00002712                 0x080001d8   Section        4  entry2.o(.ARM.Collect$$$$00002712)
    __lit__00000000                          0x080001d8   Data           4  entry2.o(.ARM.Collect$$$$00002712)
    .text                                    0x080001dc   Section       36  startup_stm32f446xx.o(.text)
    $v0                                      0x080001dc   Number         0  startup_stm32f446xx.o(.text)
    .text                                    0x08000200   Section        0  uldiv.o(.text)
    .text                                    0x08000262   Section        0  memseta.o(.text)
    .text                                    0x08000286   Section        0  llshl.o(.text)
    .text                                    0x080002a4   Section        0  llushr.o(.text)
    .text                                    0x080002c4   Section       36  init.o(.text)
    [Anonymous Symbol]                       0x080002e8   Section        0  arm_bitreversal2.o(.text.arm_bitreversal_16)
    [Anonymous Symbol]                       0x08000332   Section        0  arm_cfft_q15.o(.text.arm_cfft_q15)
    [Anonymous Symbol]                       0x08000408   Section        0  arm_cfft_q15.o(.text.arm_cfft_radix4by2_inverse_q15)
    [Anonymous Symbol]                       0x080004c0   Section        0  arm_cfft_q15.o(.text.arm_cfft_radix4by2_q15)
    [Anonymous Symbol]                       0x08000578   Section        0  arm_cfft_radix4_q15.o(.text.arm_radix4_butterfly_inverse_q15)
    [Anonymous Symbol]                       0x080007ac   Section        0  arm_cfft_radix4_q15.o(.text.arm_radix4_butterfly_q15)
    [Anonymous Symbol]                       0x080009e0   Section        0  arm_rfft_init_q15.o(.text.arm_rfft_init_q15)
    [Anonymous Symbol]                       0x08000ab4   Section        0  arm_rfft_q15.o(.text.arm_rfft_q15)
    [Anonymous Symbol]                       0x08000b28   Section        0  arm_rfft_q15.o(.text.arm_split_rfft_q15)
    [Anonymous Symbol]                       0x08000bd8   Section        0  arm_rfft_q15.o(.text.arm_split_rifft_q15)
    i.ADC_DMAConvCplt                        0x08000c20   Section        0  stm32f4xx_hal_adc.o(i.ADC_DMAConvCplt)
    ADC_DMAConvCplt                          0x08000c21   Thumb Code   110  stm32f4xx_hal_adc.o(i.ADC_DMAConvCplt)
    i.ADC_DMAError                           0x08000c8e   Section        0  stm32f4xx_hal_adc.o(i.ADC_DMAError)
    ADC_DMAError                             0x08000c8f   Thumb Code    22  stm32f4xx_hal_adc.o(i.ADC_DMAError)
    i.ADC_DMAHalfConvCplt                    0x08000ca4   Section        0  stm32f4xx_hal_adc.o(i.ADC_DMAHalfConvCplt)
    ADC_DMAHalfConvCplt                      0x08000ca5   Thumb Code    10  stm32f4xx_hal_adc.o(i.ADC_DMAHalfConvCplt)
    i.ADC_Init                               0x08000cb0   Section        0  stm32f4xx_hal_adc.o(i.ADC_Init)
    ADC_Init                                 0x08000cb1   Thumb Code   284  stm32f4xx_hal_adc.o(i.ADC_Init)
    i.BusFault_Handler                       0x08000dd8   Section        0  stm32f4xx_it.o(i.BusFault_Handler)
    i.DMA1_Stream6_IRQHandler                0x08000ddc   Section        0  stm32f4xx_it.o(i.DMA1_Stream6_IRQHandler)
    i.DMA2_Stream0_IRQHandler                0x08000de8   Section        0  stm32f4xx_it.o(i.DMA2_Stream0_IRQHandler)
    i.DMA_CalcBaseAndBitshift                0x08000df4   Section        0  stm32f4xx_hal_dma.o(i.DMA_CalcBaseAndBitshift)
    DMA_CalcBaseAndBitshift                  0x08000df5   Thumb Code    34  stm32f4xx_hal_dma.o(i.DMA_CalcBaseAndBitshift)
    i.DMA_CheckFifoParam                     0x08000e1c   Section        0  stm32f4xx_hal_dma.o(i.DMA_CheckFifoParam)
    DMA_CheckFifoParam                       0x08000e1d   Thumb Code    84  stm32f4xx_hal_dma.o(i.DMA_CheckFifoParam)
    i.DMA_SetConfig                          0x08000e70   Section        0  stm32f4xx_hal_dma.o(i.DMA_SetConfig)
    DMA_SetConfig                            0x08000e71   Thumb Code    40  stm32f4xx_hal_dma.o(i.DMA_SetConfig)
    i.DebugMon_Handler                       0x08000e98   Section        0  stm32f4xx_it.o(i.DebugMon_Handler)
    i.Error_Handler                          0x08000e9a   Section        0  main.o(i.Error_Handler)
    i.FreqHash                               0x08000ea0   Section        0  main.o(i.FreqHash)
    i.HAL_ADC_ConfigChannel                  0x08000edc   Section        0  stm32f4xx_hal_adc.o(i.HAL_ADC_ConfigChannel)
    i.HAL_ADC_ConvCpltCallback               0x08001040   Section        0  main.o(i.HAL_ADC_ConvCpltCallback)
    i.HAL_ADC_ConvHalfCpltCallback           0x080010b4   Section        0  main.o(i.HAL_ADC_ConvHalfCpltCallback)
    i.HAL_ADC_ErrorCallback                  0x08001114   Section        0  stm32f4xx_hal_adc.o(i.HAL_ADC_ErrorCallback)
    i.HAL_ADC_Init                           0x08001116   Section        0  stm32f4xx_hal_adc.o(i.HAL_ADC_Init)
    i.HAL_ADC_MspInit                        0x0800116c   Section        0  adc.o(i.HAL_ADC_MspInit)
    i.HAL_ADC_Start_DMA                      0x08001204   Section        0  stm32f4xx_hal_adc.o(i.HAL_ADC_Start_DMA)
    i.HAL_DMA_IRQHandler                     0x08001358   Section        0  stm32f4xx_hal_dma.o(i.HAL_DMA_IRQHandler)
    i.HAL_DMA_Init                           0x080014f8   Section        0  stm32f4xx_hal_dma.o(i.HAL_DMA_Init)
    i.HAL_DMA_Start_IT                       0x080015cc   Section        0  stm32f4xx_hal_dma.o(i.HAL_DMA_Start_IT)
    i.HAL_GPIO_Init                          0x0800163c   Section        0  stm32f4xx_hal_gpio.o(i.HAL_GPIO_Init)
    i.HAL_GPIO_WritePin                      0x08001818   Section        0  stm32f4xx_hal_gpio.o(i.HAL_GPIO_WritePin)
    i.HAL_GetTick                            0x08001824   Section        0  stm32f4xx_hal.o(i.HAL_GetTick)
    i.HAL_IncTick                            0x08001830   Section        0  stm32f4xx_hal.o(i.HAL_IncTick)
    i.HAL_Init                               0x08001840   Section        0  stm32f4xx_hal.o(i.HAL_Init)
    i.HAL_InitTick                           0x08001874   Section        0  stm32f4xx_hal.o(i.HAL_InitTick)
    i.HAL_MspInit                            0x080018b4   Section        0  stm32f4xx_hal_msp.o(i.HAL_MspInit)
    i.HAL_NVIC_EnableIRQ                     0x080018e4   Section        0  stm32f4xx_hal_cortex.o(i.HAL_NVIC_EnableIRQ)
    i.HAL_NVIC_SetPriority                   0x08001900   Section        0  stm32f4xx_hal_cortex.o(i.HAL_NVIC_SetPriority)
    i.HAL_NVIC_SetPriorityGrouping           0x08001940   Section        0  stm32f4xx_hal_cortex.o(i.HAL_NVIC_SetPriorityGrouping)
    i.HAL_PWREx_EnableOverDrive              0x08001964   Section        0  stm32f4xx_hal_pwr_ex.o(i.HAL_PWREx_EnableOverDrive)
    i.HAL_RCC_ClockConfig                    0x080019d4   Section        0  stm32f4xx_hal_rcc.o(i.HAL_RCC_ClockConfig)
    i.HAL_RCC_GetPCLK1Freq                   0x08001b08   Section        0  stm32f4xx_hal_rcc.o(i.HAL_RCC_GetPCLK1Freq)
    i.HAL_RCC_GetPCLK2Freq                   0x08001b28   Section        0  stm32f4xx_hal_rcc.o(i.HAL_RCC_GetPCLK2Freq)
    i.HAL_RCC_GetSysClockFreq                0x08001b48   Section        0  stm32f4xx_hal_rcc_ex.o(i.HAL_RCC_GetSysClockFreq)
    i.HAL_RCC_OscConfig                      0x08001be0   Section        0  stm32f4xx_hal_rcc_ex.o(i.HAL_RCC_OscConfig)
    i.HAL_SYSTICK_Config                     0x08001f78   Section        0  stm32f4xx_hal_cortex.o(i.HAL_SYSTICK_Config)
    i.HAL_UART_Init                          0x08001fa0   Section        0  stm32f4xx_hal_uart.o(i.HAL_UART_Init)
    i.HAL_UART_MspInit                       0x08002004   Section        0  usart.o(i.HAL_UART_MspInit)
    i.HAL_UART_Transmit                      0x080020a8   Section        0  stm32f4xx_hal_uart.o(i.HAL_UART_Transmit)
    i.HardFault_Handler                      0x0800215a   Section        0  stm32f4xx_it.o(i.HardFault_Handler)
    i.MX_ADC1_Init                           0x0800215c   Section        0  adc.o(i.MX_ADC1_Init)
    i.MX_DMA_Init                            0x080021c0   Section        0  dma.o(i.MX_DMA_Init)
    i.MX_GPIO_Init                           0x0800220c   Section        0  gpio.o(i.MX_GPIO_Init)
    i.MX_USART2_UART_Init                    0x0800227c   Section        0  usart.o(i.MX_USART2_UART_Init)
    i.MemManage_Handler                      0x080022b4   Section        0  stm32f4xx_it.o(i.MemManage_Handler)
    i.NMI_Handler                            0x080022b6   Section        0  stm32f4xx_it.o(i.NMI_Handler)
    i.NumToStr_uint32                        0x080022b8   Section        0  formattedoutput.o(i.NumToStr_uint32)
    i.PendSV_Handler                         0x080022ea   Section        0  stm32f4xx_it.o(i.PendSV_Handler)
    i.SVC_Handler                            0x080022ec   Section        0  stm32f4xx_it.o(i.SVC_Handler)
    i.SysTick_Handler                        0x080022ee   Section        0  stm32f4xx_it.o(i.SysTick_Handler)
    i.SystemClock_Config                     0x080022f4   Section        0  main.o(i.SystemClock_Config)
    i.SystemInit                             0x08002390   Section        0  system_stm32f4xx.o(i.SystemInit)
    i.UART_SetConfig                         0x080023a0   Section        0  stm32f4xx_hal_uart.o(i.UART_SetConfig)
    UART_SetConfig                           0x080023a1   Thumb Code   258  stm32f4xx_hal_uart.o(i.UART_SetConfig)
    i.UART_WaitOnFlagUntilTimeout            0x080024ac   Section        0  stm32f4xx_hal_uart.o(i.UART_WaitOnFlagUntilTimeout)
    UART_WaitOnFlagUntilTimeout              0x080024ad   Thumb Code   100  stm32f4xx_hal_uart.o(i.UART_WaitOnFlagUntilTimeout)
    i.UsageFault_Handler                     0x08002510   Section        0  stm32f4xx_it.o(i.UsageFault_Handler)
    i.__NVIC_SetPriority                     0x08002512   Section        0  stm32f4xx_hal_cortex.o(i.__NVIC_SetPriority)
    __NVIC_SetPriority                       0x08002513   Thumb Code    32  stm32f4xx_hal_cortex.o(i.__NVIC_SetPriority)
    i.__scatterload_copy                     0x08002532   Section       14  handlers.o(i.__scatterload_copy)
    i.__scatterload_null                     0x08002540   Section        2  handlers.o(i.__scatterload_null)
    i.__scatterload_zeroinit                 0x08002542   Section       14  handlers.o(i.__scatterload_zeroinit)
    i.digitCount_uint32_t                    0x08002550   Section        0  formattedoutput.o(i.digitCount_uint32_t)
    i.main                                   0x08002564   Section        0  main.o(i.main)
    .constdata                               0x080025c0   Section        8  stm32f4xx_hal_dma.o(.constdata)
    flagBitshiftOffset                       0x080025c0   Data           8  stm32f4xx_hal_dma.o(.constdata)
    .constdata                               0x080025c8   Section       16  system_stm32f4xx.o(.constdata)
    .constdata                               0x080025d8   Section        8  system_stm32f4xx.o(.constdata)
    .data                                    0x20000000   Section       15  main.o(.data)
    .data                                    0x20000010   Section       12  stm32f4xx_hal.o(.data)
    .data                                    0x2000001c   Section        4  system_stm32f4xx.o(.data)
    .bss                                     0x20000020   Section     8248  main.o(.bss)
    .bss                                     0x20002058   Section      168  adc.o(.bss)
    .bss                                     0x20002100   Section      164  usart.o(.bss)
    STACK                                    0x200021a8   Section     1024  startup_stm32f446xx.o(STACK)

    Global Symbols

    Symbol Name                              Value     Ov Type        Size  Object(Section)

    BuildAttributes$$THM_ISAv4$E$P$D$K$B$S$7EM$VFPi3$EXTD16$VFPS$VFMA$PE$A:L22UL41UL21$X:L11$S22US41US21$IEEE1$IW$USESV6$~STKCKD$USESV7$~SHL$OSPACE$EBA8$MICROLIB$REQ8$PRES8$EABIv2 0x00000000   Number         0  anon$$obj.o ABSOLUTE
    __ARM_use_no_argv                        0x00000000   Number         0  main.o ABSOLUTE
    __arm_fini_                               - Undefined Weak Reference
    __cpp_initialize__aeabi_                  - Undefined Weak Reference
    __cxa_finalize                            - Undefined Weak Reference
    __decompress                              - Undefined Weak Reference
    _clock_init                               - Undefined Weak Reference
    _microlib_exit                            - Undefined Weak Reference
    __Vectors_Size                           0x000001c4   Number         0  startup_stm32f446xx.o ABSOLUTE
    __Vectors                                0x08000000   Data           4  startup_stm32f446xx.o(RESET)
    __Vectors_End                            0x080001c4   Data           0  startup_stm32f446xx.o(RESET)
    __main                                   0x080001c5   Thumb Code     0  entry.o(.ARM.Collect$$$$00000000)
    _main_stk                                0x080001c5   Thumb Code     0  entry2.o(.ARM.Collect$$$$00000001)
    _main_scatterload                        0x080001c9   Thumb Code     0  entry5.o(.ARM.Collect$$$$00000004)
    __main_after_scatterload                 0x080001cd   Thumb Code     0  entry5.o(.ARM.Collect$$$$00000004)
    _main_clock                              0x080001cd   Thumb Code     0  entry7b.o(.ARM.Collect$$$$00000008)
    _main_cpp_init                           0x080001cd   Thumb Code     0  entry8b.o(.ARM.Collect$$$$0000000A)
    _main_init                               0x080001cd   Thumb Code     0  entry9a.o(.ARM.Collect$$$$0000000B)
    __rt_lib_shutdown_fini                   0x080001d5   Thumb Code     0  entry12b.o(.ARM.Collect$$$$0000000E)
    __rt_final_cpp                           0x080001d9   Thumb Code     0  entry10a.o(.ARM.Collect$$$$0000000F)
    __rt_final_exit                          0x080001d9   Thumb Code     0  entry11a.o(.ARM.Collect$$$$00000011)
    Reset_Handler                            0x080001dd   Thumb Code     8  startup_stm32f446xx.o(.text)
    ADC_IRQHandler                           0x080001f7   Thumb Code     0  startup_stm32f446xx.o(.text)
    CAN1_RX0_IRQHandler                      0x080001f7   Thumb Code     0  startup_stm32f446xx.o(.text)
    CAN1_RX1_IRQHandler                      0x080001f7   Thumb Code     0  startup_stm32f446xx.o(.text)
    CAN1_SCE_IRQHandler                      0x080001f7   Thumb Code     0  startup_stm32f446xx.o(.text)
    CAN1_TX_IRQHandler                       0x080001f7   Thumb Code     0  startup_stm32f446xx.o(.text)
    CAN2_RX0_IRQHandler                      0x080001f7   Thumb Code     0  startup_stm32f446xx.o(.text)
    CAN2_RX1_IRQHandler                      0x080001f7   Thumb Code     0  startup_stm32f446xx.o(.text)
    CAN2_SCE_IRQHandler                      0x080001f7   Thumb Code     0  startup_stm32f446xx.o(.text)
    CAN2_TX_IRQHandler                       0x080001f7   Thumb Code     0  startup_stm32f446xx.o(.text)
    CEC_IRQHandler                           0x080001f7   Thumb Code     0  startup_stm32f446xx.o(.text)
    DCMI_IRQHandler                          0x080001f7   Thumb Code     0  startup_stm32f446xx.o(.text)
    DMA1_Stream0_IRQHandler                  0x080001f7   Thumb Code     0  startup_stm32f446xx.o(.text)
    DMA1_Stream1_IRQHandler                  0x080001f7   Thumb Code     0  startup_stm32f446xx.o(.text)
    DMA1_Stream2_IRQHandler                  0x080001f7   Thumb Code     0  startup_stm32f446xx.o(.text)
    DMA1_Stream3_IRQHandler                  0x080001f7   Thumb Code     0  startup_stm32f446xx.o(.text)
    DMA1_Stream4_IRQHandler                  0x080001f7   Thumb Code     0  startup_stm32f446xx.o(.text)
    DMA1_Stream5_IRQHandler                  0x080001f7   Thumb Code     0  startup_stm32f446xx.o(.text)
    DMA1_Stream7_IRQHandler                  0x080001f7   Thumb Code     0  startup_stm32f446xx.o(.text)
    DMA2_Stream1_IRQHandler                  0x080001f7   Thumb Code     0  startup_stm32f446xx.o(.text)
    DMA2_Stream2_IRQHandler                  0x080001f7   Thumb Code     0  startup_stm32f446xx.o(.text)
    DMA2_Stream3_IRQHandler                  0x080001f7   Thumb Code     0  startup_stm32f446xx.o(.text)
    DMA2_Stream4_IRQHandler                  0x080001f7   Thumb Code     0  startup_stm32f446xx.o(.text)
    DMA2_Stream5_IRQHandler                  0x080001f7   Thumb Code     0  startup_stm32f446xx.o(.text)
    DMA2_Stream6_IRQHandler                  0x080001f7   Thumb Code     0  startup_stm32f446xx.o(.text)
    DMA2_Stream7_IRQHandler                  0x080001f7   Thumb Code     0  startup_stm32f446xx.o(.text)
    EXTI0_IRQHandler                         0x080001f7   Thumb Code     0  startup_stm32f446xx.o(.text)
    EXTI15_10_IRQHandler                     0x080001f7   Thumb Code     0  startup_stm32f446xx.o(.text)
    EXTI1_IRQHandler                         0x080001f7   Thumb Code     0  startup_stm32f446xx.o(.text)
    EXTI2_IRQHandler                         0x080001f7   Thumb Code     0  startup_stm32f446xx.o(.text)
    EXTI3_IRQHandler                         0x080001f7   Thumb Code     0  startup_stm32f446xx.o(.text)
    EXTI4_IRQHandler                         0x080001f7   Thumb Code     0  startup_stm32f446xx.o(.text)
    EXTI9_5_IRQHandler                       0x080001f7   Thumb Code     0  startup_stm32f446xx.o(.text)
    FLASH_IRQHandler                         0x080001f7   Thumb Code     0  startup_stm32f446xx.o(.text)
    FMC_IRQHandler                           0x080001f7   Thumb Code     0  startup_stm32f446xx.o(.text)
    FMPI2C1_ER_IRQHandler                    0x080001f7   Thumb Code     0  startup_stm32f446xx.o(.text)
    FMPI2C1_EV_IRQHandler                    0x080001f7   Thumb Code     0  startup_stm32f446xx.o(.text)
    FPU_IRQHandler                           0x080001f7   Thumb Code     0  startup_stm32f446xx.o(.text)
    I2C1_ER_IRQHandler                       0x080001f7   Thumb Code     0  startup_stm32f446xx.o(.text)
    I2C1_EV_IRQHandler                       0x080001f7   Thumb Code     0  startup_stm32f446xx.o(.text)
    I2C2_ER_IRQHandler                       0x080001f7   Thumb Code     0  startup_stm32f446xx.o(.text)
    I2C2_EV_IRQHandler                       0x080001f7   Thumb Code     0  startup_stm32f446xx.o(.text)
    I2C3_ER_IRQHandler                       0x080001f7   Thumb Code     0  startup_stm32f446xx.o(.text)
    I2C3_EV_IRQHandler                       0x080001f7   Thumb Code     0  startup_stm32f446xx.o(.text)
    OTG_FS_IRQHandler                        0x080001f7   Thumb Code     0  startup_stm32f446xx.o(.text)
    OTG_FS_WKUP_IRQHandler                   0x080001f7   Thumb Code     0  startup_stm32f446xx.o(.text)
    OTG_HS_EP1_IN_IRQHandler                 0x080001f7   Thumb Code     0  startup_stm32f446xx.o(.text)
    OTG_HS_EP1_OUT_IRQHandler                0x080001f7   Thumb Code     0  startup_stm32f446xx.o(.text)
    OTG_HS_IRQHandler                        0x080001f7   Thumb Code     0  startup_stm32f446xx.o(.text)
    OTG_HS_WKUP_IRQHandler                   0x080001f7   Thumb Code     0  startup_stm32f446xx.o(.text)
    PVD_IRQHandler                           0x080001f7   Thumb Code     0  startup_stm32f446xx.o(.text)
    QUADSPI_IRQHandler                       0x080001f7   Thumb Code     0  startup_stm32f446xx.o(.text)
    RCC_IRQHandler                           0x080001f7   Thumb Code     0  startup_stm32f446xx.o(.text)
    RTC_Alarm_IRQHandler                     0x080001f7   Thumb Code     0  startup_stm32f446xx.o(.text)
    RTC_WKUP_IRQHandler                      0x080001f7   Thumb Code     0  startup_stm32f446xx.o(.text)
    SAI1_IRQHandler                          0x080001f7   Thumb Code     0  startup_stm32f446xx.o(.text)
    SAI2_IRQHandler                          0x080001f7   Thumb Code     0  startup_stm32f446xx.o(.text)
    SDIO_IRQHandler                          0x080001f7   Thumb Code     0  startup_stm32f446xx.o(.text)
    SPDIF_RX_IRQHandler                      0x080001f7   Thumb Code     0  startup_stm32f446xx.o(.text)
    SPI1_IRQHandler                          0x080001f7   Thumb Code     0  startup_stm32f446xx.o(.text)
    SPI2_IRQHandler                          0x080001f7   Thumb Code     0  startup_stm32f446xx.o(.text)
    SPI3_IRQHandler                          0x080001f7   Thumb Code     0  startup_stm32f446xx.o(.text)
    SPI4_IRQHandler                          0x080001f7   Thumb Code     0  startup_stm32f446xx.o(.text)
    TAMP_STAMP_IRQHandler                    0x080001f7   Thumb Code     0  startup_stm32f446xx.o(.text)
    TIM1_BRK_TIM9_IRQHandler                 0x080001f7   Thumb Code     0  startup_stm32f446xx.o(.text)
    TIM1_CC_IRQHandler                       0x080001f7   Thumb Code     0  startup_stm32f446xx.o(.text)
    TIM1_TRG_COM_TIM11_IRQHandler            0x080001f7   Thumb Code     0  startup_stm32f446xx.o(.text)
    TIM1_UP_TIM10_IRQHandler                 0x080001f7   Thumb Code     0  startup_stm32f446xx.o(.text)
    TIM2_IRQHandler                          0x080001f7   Thumb Code     0  startup_stm32f446xx.o(.text)
    TIM3_IRQHandler                          0x080001f7   Thumb Code     0  startup_stm32f446xx.o(.text)
    TIM4_IRQHandler                          0x080001f7   Thumb Code     0  startup_stm32f446xx.o(.text)
    TIM5_IRQHandler                          0x080001f7   Thumb Code     0  startup_stm32f446xx.o(.text)
    TIM6_DAC_IRQHandler                      0x080001f7   Thumb Code     0  startup_stm32f446xx.o(.text)
    TIM7_IRQHandler                          0x080001f7   Thumb Code     0  startup_stm32f446xx.o(.text)
    TIM8_BRK_TIM12_IRQHandler                0x080001f7   Thumb Code     0  startup_stm32f446xx.o(.text)
    TIM8_CC_IRQHandler                       0x080001f7   Thumb Code     0  startup_stm32f446xx.o(.text)
    TIM8_TRG_COM_TIM14_IRQHandler            0x080001f7   Thumb Code     0  startup_stm32f446xx.o(.text)
    TIM8_UP_TIM13_IRQHandler                 0x080001f7   Thumb Code     0  startup_stm32f446xx.o(.text)
    UART4_IRQHandler                         0x080001f7   Thumb Code     0  startup_stm32f446xx.o(.text)
    UART5_IRQHandler                         0x080001f7   Thumb Code     0  startup_stm32f446xx.o(.text)
    USART1_IRQHandler                        0x080001f7   Thumb Code     0  startup_stm32f446xx.o(.text)
    USART2_IRQHandler                        0x080001f7   Thumb Code     0  startup_stm32f446xx.o(.text)
    USART3_IRQHandler                        0x080001f7   Thumb Code     0  startup_stm32f446xx.o(.text)
    USART6_IRQHandler                        0x080001f7   Thumb Code     0  startup_stm32f446xx.o(.text)
    WWDG_IRQHandler                          0x080001f7   Thumb Code     0  startup_stm32f446xx.o(.text)
    __aeabi_uldivmod                         0x08000201   Thumb Code    98  uldiv.o(.text)
    __aeabi_memset                           0x08000263   Thumb Code    14  memseta.o(.text)
    __aeabi_memset4                          0x08000263   Thumb Code     0  memseta.o(.text)
    __aeabi_memset8                          0x08000263   Thumb Code     0  memseta.o(.text)
    __aeabi_memclr                           0x08000271   Thumb Code     4  memseta.o(.text)
    __aeabi_memclr4                          0x08000271   Thumb Code     0  memseta.o(.text)
    __aeabi_memclr8                          0x08000271   Thumb Code     0  memseta.o(.text)
    _memset$wrapper                          0x08000275   Thumb Code    18  memseta.o(.text)
    __aeabi_llsl                             0x08000287   Thumb Code    30  llshl.o(.text)
    _ll_shift_l                              0x08000287   Thumb Code     0  llshl.o(.text)
    __aeabi_llsr                             0x080002a5   Thumb Code    32  llushr.o(.text)
    _ll_ushift_r                             0x080002a5   Thumb Code     0  llushr.o(.text)
    __scatterload                            0x080002c5   Thumb Code    28  init.o(.text)
    __scatterload_rt2                        0x080002c5   Thumb Code     0  init.o(.text)
    arm_bitreversal_16                       0x080002e9   Thumb Code    74  arm_bitreversal2.o(.text.arm_bitreversal_16)
    arm_cfft_q15                             0x08000333   Thumb Code   214  arm_cfft_q15.o(.text.arm_cfft_q15)
    arm_cfft_radix4by2_inverse_q15           0x08000409   Thumb Code   184  arm_cfft_q15.o(.text.arm_cfft_radix4by2_inverse_q15)
    arm_cfft_radix4by2_q15                   0x080004c1   Thumb Code   184  arm_cfft_q15.o(.text.arm_cfft_radix4by2_q15)
    arm_radix4_butterfly_inverse_q15         0x08000579   Thumb Code   564  arm_cfft_radix4_q15.o(.text.arm_radix4_butterfly_inverse_q15)
    arm_radix4_butterfly_q15                 0x080007ad   Thumb Code   564  arm_cfft_radix4_q15.o(.text.arm_radix4_butterfly_q15)
    arm_rfft_init_q15                        0x080009e1   Thumb Code   212  arm_rfft_init_q15.o(.text.arm_rfft_init_q15)
    arm_rfft_q15                             0x08000ab5   Thumb Code   116  arm_rfft_q15.o(.text.arm_rfft_q15)
    arm_split_rfft_q15                       0x08000b29   Thumb Code   174  arm_rfft_q15.o(.text.arm_split_rfft_q15)
    arm_split_rifft_q15                      0x08000bd9   Thumb Code    72  arm_rfft_q15.o(.text.arm_split_rifft_q15)
    BusFault_Handler                         0x08000dd9   Thumb Code     2  stm32f4xx_it.o(i.BusFault_Handler)
    DMA1_Stream6_IRQHandler                  0x08000ddd   Thumb Code     6  stm32f4xx_it.o(i.DMA1_Stream6_IRQHandler)
    DMA2_Stream0_IRQHandler                  0x08000de9   Thumb Code     6  stm32f4xx_it.o(i.DMA2_Stream0_IRQHandler)
    DebugMon_Handler                         0x08000e99   Thumb Code     2  stm32f4xx_it.o(i.DebugMon_Handler)
    Error_Handler                            0x08000e9b   Thumb Code     4  main.o(i.Error_Handler)
    FreqHash                                 0x08000ea1   Thumb Code    58  main.o(i.FreqHash)
    HAL_ADC_ConfigChannel                    0x08000edd   Thumb Code   334  stm32f4xx_hal_adc.o(i.HAL_ADC_ConfigChannel)
    HAL_ADC_ConvCpltCallback                 0x08001041   Thumb Code    86  main.o(i.HAL_ADC_ConvCpltCallback)
    HAL_ADC_ConvHalfCpltCallback             0x080010b5   Thumb Code    74  main.o(i.HAL_ADC_ConvHalfCpltCallback)
    HAL_ADC_ErrorCallback                    0x08001115   Thumb Code     2  stm32f4xx_hal_adc.o(i.HAL_ADC_ErrorCallback)
    HAL_ADC_Init                             0x08001117   Thumb Code    84  stm32f4xx_hal_adc.o(i.HAL_ADC_Init)
    HAL_ADC_MspInit                          0x0800116d   Thumb Code   132  adc.o(i.HAL_ADC_MspInit)
    HAL_ADC_Start_DMA                        0x08001205   Thumb Code   302  stm32f4xx_hal_adc.o(i.HAL_ADC_Start_DMA)
    HAL_DMA_IRQHandler                       0x08001359   Thumb Code   412  stm32f4xx_hal_dma.o(i.HAL_DMA_IRQHandler)
    HAL_DMA_Init                             0x080014f9   Thumb Code   206  stm32f4xx_hal_dma.o(i.HAL_DMA_Init)
    HAL_DMA_Start_IT                         0x080015cd   Thumb Code   110  stm32f4xx_hal_dma.o(i.HAL_DMA_Start_IT)
    HAL_GPIO_Init                            0x0800163d   Thumb Code   434  stm32f4xx_hal_gpio.o(i.HAL_GPIO_Init)
    HAL_GPIO_WritePin                        0x08001819   Thumb Code    10  stm32f4xx_hal_gpio.o(i.HAL_GPIO_WritePin)
    HAL_GetTick                              0x08001825   Thumb Code     6  stm32f4xx_hal.o(i.HAL_GetTick)
    HAL_IncTick                              0x08001831   Thumb Code    12  stm32f4xx_hal.o(i.HAL_IncTick)
    HAL_Init                                 0x08001841   Thumb Code    48  stm32f4xx_hal.o(i.HAL_Init)
    HAL_InitTick                             0x08001875   Thumb Code    54  stm32f4xx_hal.o(i.HAL_InitTick)
    HAL_MspInit                              0x080018b5   Thumb Code    42  stm32f4xx_hal_msp.o(i.HAL_MspInit)
    HAL_NVIC_EnableIRQ                       0x080018e5   Thumb Code    26  stm32f4xx_hal_cortex.o(i.HAL_NVIC_EnableIRQ)
    HAL_NVIC_SetPriority                     0x08001901   Thumb Code    60  stm32f4xx_hal_cortex.o(i.HAL_NVIC_SetPriority)
    HAL_NVIC_SetPriorityGrouping             0x08001941   Thumb Code    26  stm32f4xx_hal_cortex.o(i.HAL_NVIC_SetPriorityGrouping)
    HAL_PWREx_EnableOverDrive                0x08001965   Thumb Code    98  stm32f4xx_hal_pwr_ex.o(i.HAL_PWREx_EnableOverDrive)
    HAL_RCC_ClockConfig                      0x080019d5   Thumb Code   288  stm32f4xx_hal_rcc.o(i.HAL_RCC_ClockConfig)
    HAL_RCC_GetPCLK1Freq                     0x08001b09   Thumb Code    20  stm32f4xx_hal_rcc.o(i.HAL_RCC_GetPCLK1Freq)
    HAL_RCC_GetPCLK2Freq                     0x08001b29   Thumb Code    20  stm32f4xx_hal_rcc.o(i.HAL_RCC_GetPCLK2Freq)
    HAL_RCC_GetSysClockFreq                  0x08001b49   Thumb Code   140  stm32f4xx_hal_rcc_ex.o(i.HAL_RCC_GetSysClockFreq)
    HAL_RCC_OscConfig                        0x08001be1   Thumb Code   900  stm32f4xx_hal_rcc_ex.o(i.HAL_RCC_OscConfig)
    HAL_SYSTICK_Config                       0x08001f79   Thumb Code    40  stm32f4xx_hal_cortex.o(i.HAL_SYSTICK_Config)
    HAL_UART_Init                            0x08001fa1   Thumb Code    98  stm32f4xx_hal_uart.o(i.HAL_UART_Init)
    HAL_UART_MspInit                         0x08002005   Thumb Code   142  usart.o(i.HAL_UART_MspInit)
    HAL_UART_Transmit                        0x080020a9   Thumb Code   178  stm32f4xx_hal_uart.o(i.HAL_UART_Transmit)
    HardFault_Handler                        0x0800215b   Thumb Code     2  stm32f4xx_it.o(i.HardFault_Handler)
    MX_ADC1_Init                             0x0800215d   Thumb Code    86  adc.o(i.MX_ADC1_Init)
    MX_DMA_Init                              0x080021c1   Thumb Code    72  dma.o(i.MX_DMA_Init)
    MX_GPIO_Init                             0x0800220d   Thumb Code   102  gpio.o(i.MX_GPIO_Init)
    MX_USART2_UART_Init                      0x0800227d   Thumb Code    48  usart.o(i.MX_USART2_UART_Init)
    MemManage_Handler                        0x080022b5   Thumb Code     2  stm32f4xx_it.o(i.MemManage_Handler)
    NMI_Handler                              0x080022b7   Thumb Code     2  stm32f4xx_it.o(i.NMI_Handler)
    NumToStr_uint32                          0x080022b9   Thumb Code    50  formattedoutput.o(i.NumToStr_uint32)
    PendSV_Handler                           0x080022eb   Thumb Code     2  stm32f4xx_it.o(i.PendSV_Handler)
    SVC_Handler                              0x080022ed   Thumb Code     2  stm32f4xx_it.o(i.SVC_Handler)
    SysTick_Handler                          0x080022ef   Thumb Code     4  stm32f4xx_it.o(i.SysTick_Handler)
    SystemClock_Config                       0x080022f5   Thumb Code   148  main.o(i.SystemClock_Config)
    SystemInit                               0x08002391   Thumb Code    12  system_stm32f4xx.o(i.SystemInit)
    UsageFault_Handler                       0x08002511   Thumb Code     2  stm32f4xx_it.o(i.UsageFault_Handler)
    __scatterload_copy                       0x08002533   Thumb Code    14  handlers.o(i.__scatterload_copy)
    __scatterload_null                       0x08002541   Thumb Code     2  handlers.o(i.__scatterload_null)
    __scatterload_zeroinit                   0x08002543   Thumb Code    14  handlers.o(i.__scatterload_zeroinit)
    digitCount_uint32_t                      0x08002551   Thumb Code    18  formattedoutput.o(i.digitCount_uint32_t)
    main                                     0x08002565   Thumb Code    70  main.o(i.main)
    AHBPrescTable                            0x080025c8   Data          16  system_stm32f4xx.o(.constdata)
    APBPrescTable                            0x080025d8   Data           8  system_stm32f4xx.o(.constdata)
    armBitRevIndexTable_fixed_1024           0x080025e0   Data        1984  arm_common_tables.o(.rodata.armBitRevIndexTable_fixed_1024)
    armBitRevIndexTable_fixed_128            0x08002da0   Data         224  arm_common_tables.o(.rodata.armBitRevIndexTable_fixed_128)
    armBitRevIndexTable_fixed_16             0x08002e80   Data          24  arm_common_tables.o(.rodata.armBitRevIndexTable_fixed_16)
    armBitRevIndexTable_fixed_2048           0x08002e98   Data        3968  arm_common_tables.o(.rodata.armBitRevIndexTable_fixed_2048)
    armBitRevIndexTable_fixed_256            0x08003e18   Data         480  arm_common_tables.o(.rodata.armBitRevIndexTable_fixed_256)
    armBitRevIndexTable_fixed_32             0x08003ff8   Data          48  arm_common_tables.o(.rodata.armBitRevIndexTable_fixed_32)
    armBitRevIndexTable_fixed_4096           0x08004028   Data        8064  arm_common_tables.o(.rodata.armBitRevIndexTable_fixed_4096)
    armBitRevIndexTable_fixed_512            0x08005fa8   Data         960  arm_common_tables.o(.rodata.armBitRevIndexTable_fixed_512)
    armBitRevIndexTable_fixed_64             0x08006368   Data         112  arm_common_tables.o(.rodata.armBitRevIndexTable_fixed_64)
    arm_cfft_sR_q15_len1024                  0x080063d8   Data          16  arm_const_structs.o(.rodata.arm_cfft_sR_q15_len1024)
    arm_cfft_sR_q15_len128                   0x080063e8   Data          16  arm_const_structs.o(.rodata.arm_cfft_sR_q15_len128)
    arm_cfft_sR_q15_len16                    0x080063f8   Data          16  arm_const_structs.o(.rodata.arm_cfft_sR_q15_len16)
    arm_cfft_sR_q15_len2048                  0x08006408   Data          16  arm_const_structs.o(.rodata.arm_cfft_sR_q15_len2048)
    arm_cfft_sR_q15_len256                   0x08006418   Data          16  arm_const_structs.o(.rodata.arm_cfft_sR_q15_len256)
    arm_cfft_sR_q15_len32                    0x08006428   Data          16  arm_const_structs.o(.rodata.arm_cfft_sR_q15_len32)
    arm_cfft_sR_q15_len4096                  0x08006438   Data          16  arm_const_structs.o(.rodata.arm_cfft_sR_q15_len4096)
    arm_cfft_sR_q15_len512                   0x08006448   Data          16  arm_const_structs.o(.rodata.arm_cfft_sR_q15_len512)
    arm_cfft_sR_q15_len64                    0x08006458   Data          16  arm_const_structs.o(.rodata.arm_cfft_sR_q15_len64)
    realCoefAQ15                             0x08006468   Data       16384  arm_common_tables.o(.rodata.realCoefAQ15)
    realCoefBQ15                             0x0800a468   Data       16384  arm_common_tables.o(.rodata.realCoefBQ15)
    twiddleCoef_1024_q15                     0x0800e468   Data        3072  arm_common_tables.o(.rodata.twiddleCoef_1024_q15)
    twiddleCoef_128_q15                      0x0800f068   Data         384  arm_common_tables.o(.rodata.twiddleCoef_128_q15)
    twiddleCoef_16_q15                       0x0800f1e8   Data          48  arm_common_tables.o(.rodata.twiddleCoef_16_q15)
    twiddleCoef_2048_q15                     0x0800f218   Data        6144  arm_common_tables.o(.rodata.twiddleCoef_2048_q15)
    twiddleCoef_256_q15                      0x08010a18   Data         768  arm_common_tables.o(.rodata.twiddleCoef_256_q15)
    twiddleCoef_32_q15                       0x08010d18   Data          96  arm_common_tables.o(.rodata.twiddleCoef_32_q15)
    twiddleCoef_4096_q15                     0x08010d78   Data       12288  arm_common_tables.o(.rodata.twiddleCoef_4096_q15)
    twiddleCoef_512_q15                      0x08013d78   Data        1536  arm_common_tables.o(.rodata.twiddleCoef_512_q15)
    twiddleCoef_64_q15                       0x08014378   Data         192  arm_common_tables.o(.rodata.twiddleCoef_64_q15)
    Region$$Table$$Base                      0x08014438   Number         0  anon$$obj.o(Region$$Table)
    Region$$Table$$Limit                     0x08014458   Number         0  anon$$obj.o(Region$$Table)
    txDoneFlag                               0x20000000   Data           1  main.o(.data)
    status                                   0x20000001   Data           1  main.o(.data)
    hashTransmit                             0x20000004   Data           4  main.o(.data)
    bootHeader                               0x20000008   Data           7  main.o(.data)
    uwTickFreq                               0x20000010   Data           1  stm32f4xx_hal.o(.data)
    uwTickPrio                               0x20000014   Data           4  stm32f4xx_hal.o(.data)
    uwTick                                   0x20000018   Data           4  stm32f4xx_hal.o(.data)
    SystemCoreClock                          0x2000001c   Data           4  system_stm32f4xx.o(.data)
    analogBuffer                             0x20000020   Data        4096  main.o(.bss)
    fftOutput                                0x20001020   Data        4096  main.o(.bss)
    hashBuffer                               0x20002020   Data          32  main.o(.bss)
    varInstRfftQ15                           0x20002040   Data          24  main.o(.bss)
    hadc1                                    0x20002058   Data          72  adc.o(.bss)
    hdma_adc1                                0x200020a0   Data          96  adc.o(.bss)
    huart2                                   0x20002100   Data          68  usart.o(.bss)
    hdma_usart2_tx                           0x20002144   Data          96  usart.o(.bss)
    __initial_sp                             0x200025a8   Data           0  startup_stm32f446xx.o(STACK)



==============================================================================

Memory Map of the image

  Image Entry point : 0x080001c5

  Load Region LR_IROM1 (Base: 0x08000000, Size: 0x00014478, Max: 0x00080000, ABSOLUTE)

    Execution Region ER_IROM1 (Exec base: 0x08000000, Load base: 0x08000000, Size: 0x00014458, Max: 0x00080000, ABSOLUTE)

    Exec Addr    Load Addr    Size         Type   Attr      Idx    E Section Name        Object

    0x08000000   0x08000000   0x000001c4   Data   RO            3    RESET               startup_stm32f446xx.o
    0x080001c4   0x080001c4   0x00000000   Code   RO         2722  * .ARM.Collect$$$$00000000  mc_w.l(entry.o)
    0x080001c4   0x080001c4   0x00000004   Code   RO         2729    .ARM.Collect$$$$00000001  mc_w.l(entry2.o)
    0x080001c8   0x080001c8   0x00000004   Code   RO         2732    .ARM.Collect$$$$00000004  mc_w.l(entry5.o)
    0x080001cc   0x080001cc   0x00000000   Code   RO         2734    .ARM.Collect$$$$00000008  mc_w.l(entry7b.o)
    0x080001cc   0x080001cc   0x00000000   Code   RO         2736    .ARM.Collect$$$$0000000A  mc_w.l(entry8b.o)
    0x080001cc   0x080001cc   0x00000008   Code   RO         2737    .ARM.Collect$$$$0000000B  mc_w.l(entry9a.o)
    0x080001d4   0x080001d4   0x00000004   Code   RO         2744    .ARM.Collect$$$$0000000E  mc_w.l(entry12b.o)
    0x080001d8   0x080001d8   0x00000000   Code   RO         2739    .ARM.Collect$$$$0000000F  mc_w.l(entry10a.o)
    0x080001d8   0x080001d8   0x00000000   Code   RO         2741    .ARM.Collect$$$$00000011  mc_w.l(entry11a.o)
    0x080001d8   0x080001d8   0x00000004   Code   RO         2730    .ARM.Collect$$$$00002712  mc_w.l(entry2.o)
    0x080001dc   0x080001dc   0x00000024   Code   RO            4    .text               startup_stm32f446xx.o
    0x08000200   0x08000200   0x00000062   Code   RO         2725    .text               mc_w.l(uldiv.o)
    0x08000262   0x08000262   0x00000024   Code   RO         2727    .text               mc_w.l(memseta.o)
    0x08000286   0x08000286   0x0000001e   Code   RO         2745    .text               mc_w.l(llshl.o)
    0x080002a4   0x080002a4   0x00000020   Code   RO         2747    .text               mc_w.l(llushr.o)
    0x080002c4   0x080002c4   0x00000024   Code   RO         2749    .text               mc_w.l(init.o)
    0x080002e8   0x080002e8   0x0000004a   Code   RO         2685    .text.arm_bitreversal_16  arm_cortexM4lf_math.lib(arm_bitreversal2.o)
    0x08000332   0x08000332   0x000000d6   Code   RO         2472    .text.arm_cfft_q15  arm_cortexM4lf_math.lib(arm_cfft_q15.o)
    0x08000408   0x08000408   0x000000b8   Code   RO         2474    .text.arm_cfft_radix4by2_inverse_q15  arm_cortexM4lf_math.lib(arm_cfft_q15.o)
    0x080004c0   0x080004c0   0x000000b8   Code   RO         2476    .text.arm_cfft_radix4by2_q15  arm_cortexM4lf_math.lib(arm_cfft_q15.o)
    0x08000578   0x08000578   0x00000234   Code   RO         2697    .text.arm_radix4_butterfly_inverse_q15  arm_cortexM4lf_math.lib(arm_cfft_radix4_q15.o)
    0x080007ac   0x080007ac   0x00000234   Code   RO         2699    .text.arm_radix4_butterfly_q15  arm_cortexM4lf_math.lib(arm_cfft_radix4_q15.o)
    0x080009e0   0x080009e0   0x000000d4   Code   RO         2449    .text.arm_rfft_init_q15  arm_cortexM4lf_math.lib(arm_rfft_init_q15.o)
    0x08000ab4   0x08000ab4   0x00000074   Code   RO         2458    .text.arm_rfft_q15  arm_cortexM4lf_math.lib(arm_rfft_q15.o)
    0x08000b28   0x08000b28   0x000000ae   Code   RO         2462    .text.arm_split_rfft_q15  arm_cortexM4lf_math.lib(arm_rfft_q15.o)
    0x08000bd6   0x08000bd6   0x00000002   PAD
    0x08000bd8   0x08000bd8   0x00000048   Code   RO         2460    .text.arm_split_rifft_q15  arm_cortexM4lf_math.lib(arm_rfft_q15.o)
    0x08000c20   0x08000c20   0x0000006e   Code   RO          508    i.ADC_DMAConvCplt   stm32f4xx_hal_adc.o
    0x08000c8e   0x08000c8e   0x00000016   Code   RO          509    i.ADC_DMAError      stm32f4xx_hal_adc.o
    0x08000ca4   0x08000ca4   0x0000000a   Code   RO          510    i.ADC_DMAHalfConvCplt  stm32f4xx_hal_adc.o
    0x08000cae   0x08000cae   0x00000002   PAD
    0x08000cb0   0x08000cb0   0x00000128   Code   RO          511    i.ADC_Init          stm32f4xx_hal_adc.o
    0x08000dd8   0x08000dd8   0x00000002   Code   RO          355    i.BusFault_Handler  stm32f4xx_it.o
    0x08000dda   0x08000dda   0x00000002   PAD
    0x08000ddc   0x08000ddc   0x0000000c   Code   RO          356    i.DMA1_Stream6_IRQHandler  stm32f4xx_it.o
    0x08000de8   0x08000de8   0x0000000c   Code   RO          357    i.DMA2_Stream0_IRQHandler  stm32f4xx_it.o
    0x08000df4   0x08000df4   0x00000028   Code   RO         1329    i.DMA_CalcBaseAndBitshift  stm32f4xx_hal_dma.o
    0x08000e1c   0x08000e1c   0x00000054   Code   RO         1330    i.DMA_CheckFifoParam  stm32f4xx_hal_dma.o
    0x08000e70   0x08000e70   0x00000028   Code   RO         1331    i.DMA_SetConfig     stm32f4xx_hal_dma.o
    0x08000e98   0x08000e98   0x00000002   Code   RO          358    i.DebugMon_Handler  stm32f4xx_it.o
    0x08000e9a   0x08000e9a   0x00000004   Code   RO           13    i.Error_Handler     main.o
    0x08000e9e   0x08000e9e   0x00000002   PAD
    0x08000ea0   0x08000ea0   0x0000003a   Code   RO           14    i.FreqHash          main.o
    0x08000eda   0x08000eda   0x00000002   PAD
    0x08000edc   0x08000edc   0x00000164   Code   RO          513    i.HAL_ADC_ConfigChannel  stm32f4xx_hal_adc.o
    0x08001040   0x08001040   0x00000074   Code   RO           15    i.HAL_ADC_ConvCpltCallback  main.o
    0x080010b4   0x080010b4   0x00000060   Code   RO           16    i.HAL_ADC_ConvHalfCpltCallback  main.o
    0x08001114   0x08001114   0x00000002   Code   RO          517    i.HAL_ADC_ErrorCallback  stm32f4xx_hal_adc.o
    0x08001116   0x08001116   0x00000054   Code   RO          522    i.HAL_ADC_Init      stm32f4xx_hal_adc.o
    0x0800116a   0x0800116a   0x00000002   PAD
    0x0800116c   0x0800116c   0x00000098   Code   RO          248    i.HAL_ADC_MspInit   adc.o
    0x08001204   0x08001204   0x00000154   Code   RO          529    i.HAL_ADC_Start_DMA  stm32f4xx_hal_adc.o
    0x08001358   0x08001358   0x000001a0   Code   RO         1337    i.HAL_DMA_IRQHandler  stm32f4xx_hal_dma.o
    0x080014f8   0x080014f8   0x000000d4   Code   RO         1338    i.HAL_DMA_Init      stm32f4xx_hal_dma.o
    0x080015cc   0x080015cc   0x0000006e   Code   RO         1342    i.HAL_DMA_Start_IT  stm32f4xx_hal_dma.o
    0x0800163a   0x0800163a   0x00000002   PAD
    0x0800163c   0x0800163c   0x000001dc   Code   RO         1225    i.HAL_GPIO_Init     stm32f4xx_hal_gpio.o
    0x08001818   0x08001818   0x0000000a   Code   RO         1229    i.HAL_GPIO_WritePin  stm32f4xx_hal_gpio.o
    0x08001822   0x08001822   0x00000002   PAD
    0x08001824   0x08001824   0x0000000c   Code   RO         1775    i.HAL_GetTick       stm32f4xx_hal.o
    0x08001830   0x08001830   0x00000010   Code   RO         1781    i.HAL_IncTick       stm32f4xx_hal.o
    0x08001840   0x08001840   0x00000034   Code   RO         1782    i.HAL_Init          stm32f4xx_hal.o
    0x08001874   0x08001874   0x00000040   Code   RO         1783    i.HAL_InitTick      stm32f4xx_hal.o
    0x080018b4   0x080018b4   0x00000030   Code   RO          443    i.HAL_MspInit       stm32f4xx_hal_msp.o
    0x080018e4   0x080018e4   0x0000001a   Code   RO         1632    i.HAL_NVIC_EnableIRQ  stm32f4xx_hal_cortex.o
    0x080018fe   0x080018fe   0x00000002   PAD
    0x08001900   0x08001900   0x00000040   Code   RO         1638    i.HAL_NVIC_SetPriority  stm32f4xx_hal_cortex.o
    0x08001940   0x08001940   0x00000024   Code   RO         1639    i.HAL_NVIC_SetPriorityGrouping  stm32f4xx_hal_cortex.o
    0x08001964   0x08001964   0x00000070   Code   RO         1561    i.HAL_PWREx_EnableOverDrive  stm32f4xx_hal_pwr_ex.o
    0x080019d4   0x080019d4   0x00000134   Code   RO          787    i.HAL_RCC_ClockConfig  stm32f4xx_hal_rcc.o
    0x08001b08   0x08001b08   0x00000020   Code   RO          794    i.HAL_RCC_GetPCLK1Freq  stm32f4xx_hal_rcc.o
    0x08001b28   0x08001b28   0x00000020   Code   RO          795    i.HAL_RCC_GetPCLK2Freq  stm32f4xx_hal_rcc.o
    0x08001b48   0x08001b48   0x00000098   Code   RO          898    i.HAL_RCC_GetSysClockFreq  stm32f4xx_hal_rcc_ex.o
    0x08001be0   0x08001be0   0x00000398   Code   RO          899    i.HAL_RCC_OscConfig  stm32f4xx_hal_rcc_ex.o
    0x08001f78   0x08001f78   0x00000028   Code   RO         1643    i.HAL_SYSTICK_Config  stm32f4xx_hal_cortex.o
    0x08001fa0   0x08001fa0   0x00000062   Code   RO         2085    i.HAL_UART_Init     stm32f4xx_hal_uart.o
    0x08002002   0x08002002   0x00000002   PAD
    0x08002004   0x08002004   0x000000a4   Code   RO          314    i.HAL_UART_MspInit  usart.o
    0x080020a8   0x080020a8   0x000000b2   Code   RO         2093    i.HAL_UART_Transmit  stm32f4xx_hal_uart.o
    0x0800215a   0x0800215a   0x00000002   Code   RO          359    i.HardFault_Handler  stm32f4xx_it.o
    0x0800215c   0x0800215c   0x00000064   Code   RO          249    i.MX_ADC1_Init      adc.o
    0x080021c0   0x080021c0   0x0000004c   Code   RO          289    i.MX_DMA_Init       dma.o
    0x0800220c   0x0800220c   0x00000070   Code   RO          223    i.MX_GPIO_Init      gpio.o
    0x0800227c   0x0800227c   0x00000038   Code   RO          315    i.MX_USART2_UART_Init  usart.o
    0x080022b4   0x080022b4   0x00000002   Code   RO          360    i.MemManage_Handler  stm32f4xx_it.o
    0x080022b6   0x080022b6   0x00000002   Code   RO          361    i.NMI_Handler       stm32f4xx_it.o
    0x080022b8   0x080022b8   0x00000032   Code   RO          468    i.NumToStr_uint32   formattedoutput.o
    0x080022ea   0x080022ea   0x00000002   Code   RO          362    i.PendSV_Handler    stm32f4xx_it.o
    0x080022ec   0x080022ec   0x00000002   Code   RO          363    i.SVC_Handler       stm32f4xx_it.o
    0x080022ee   0x080022ee   0x00000004   Code   RO          364    i.SysTick_Handler   stm32f4xx_it.o
    0x080022f2   0x080022f2   0x00000002   PAD
    0x080022f4   0x080022f4   0x0000009c   Code   RO           19    i.SystemClock_Config  main.o
    0x08002390   0x08002390   0x00000010   Code   RO         2414    i.SystemInit        system_stm32f4xx.o
    0x080023a0   0x080023a0   0x0000010c   Code   RO         2111    i.UART_SetConfig    stm32f4xx_hal_uart.o
    0x080024ac   0x080024ac   0x00000064   Code   RO         2114    i.UART_WaitOnFlagUntilTimeout  stm32f4xx_hal_uart.o
    0x08002510   0x08002510   0x00000002   Code   RO          365    i.UsageFault_Handler  stm32f4xx_it.o
    0x08002512   0x08002512   0x00000020   Code   RO         1645    i.__NVIC_SetPriority  stm32f4xx_hal_cortex.o
    0x08002532   0x08002532   0x0000000e   Code   RO         2753    i.__scatterload_copy  mc_w.l(handlers.o)
    0x08002540   0x08002540   0x00000002   Code   RO         2754    i.__scatterload_null  mc_w.l(handlers.o)
    0x08002542   0x08002542   0x0000000e   Code   RO         2755    i.__scatterload_zeroinit  mc_w.l(handlers.o)
    0x08002550   0x08002550   0x00000012   Code   RO          470    i.digitCount_uint32_t  formattedoutput.o
    0x08002562   0x08002562   0x00000002   PAD
    0x08002564   0x08002564   0x0000005c   Code   RO           20    i.main              main.o
    0x080025c0   0x080025c0   0x00000008   Data   RO         1344    .constdata          stm32f4xx_hal_dma.o
    0x080025c8   0x080025c8   0x00000010   Data   RO         2415    .constdata          system_stm32f4xx.o
    0x080025d8   0x080025d8   0x00000008   Data   RO         2416    .constdata          system_stm32f4xx.o
    0x080025e0   0x080025e0   0x000007c0   Data   RO         2547    .rodata.armBitRevIndexTable_fixed_1024  arm_cortexM4lf_math.lib(arm_common_tables.o)
    0x08002da0   0x08002da0   0x000000e0   Data   RO         2544    .rodata.armBitRevIndexTable_fixed_128  arm_cortexM4lf_math.lib(arm_common_tables.o)
    0x08002e80   0x08002e80   0x00000018   Data   RO         2541    .rodata.armBitRevIndexTable_fixed_16  arm_cortexM4lf_math.lib(arm_common_tables.o)
    0x08002e98   0x08002e98   0x00000f80   Data   RO         2548    .rodata.armBitRevIndexTable_fixed_2048  arm_cortexM4lf_math.lib(arm_common_tables.o)
    0x08003e18   0x08003e18   0x000001e0   Data   RO         2545    .rodata.armBitRevIndexTable_fixed_256  arm_cortexM4lf_math.lib(arm_common_tables.o)
    0x08003ff8   0x08003ff8   0x00000030   Data   RO         2542    .rodata.armBitRevIndexTable_fixed_32  arm_cortexM4lf_math.lib(arm_common_tables.o)
    0x08004028   0x08004028   0x00001f80   Data   RO         2549    .rodata.armBitRevIndexTable_fixed_4096  arm_cortexM4lf_math.lib(arm_common_tables.o)
    0x08005fa8   0x08005fa8   0x000003c0   Data   RO         2546    .rodata.armBitRevIndexTable_fixed_512  arm_cortexM4lf_math.lib(arm_common_tables.o)
    0x08006368   0x08006368   0x00000070   Data   RO         2543    .rodata.armBitRevIndexTable_fixed_64  arm_cortexM4lf_math.lib(arm_common_tables.o)
    0x080063d8   0x080063d8   0x00000010   Data   RO         2639    .rodata.arm_cfft_sR_q15_len1024  arm_cortexM4lf_math.lib(arm_const_structs.o)
    0x080063e8   0x080063e8   0x00000010   Data   RO         2636    .rodata.arm_cfft_sR_q15_len128  arm_cortexM4lf_math.lib(arm_const_structs.o)
    0x080063f8   0x080063f8   0x00000010   Data   RO         2633    .rodata.arm_cfft_sR_q15_len16  arm_cortexM4lf_math.lib(arm_const_structs.o)
    0x08006408   0x08006408   0x00000010   Data   RO         2640    .rodata.arm_cfft_sR_q15_len2048  arm_cortexM4lf_math.lib(arm_const_structs.o)
    0x08006418   0x08006418   0x00000010   Data   RO         2637    .rodata.arm_cfft_sR_q15_len256  arm_cortexM4lf_math.lib(arm_const_structs.o)
    0x08006428   0x08006428   0x00000010   Data   RO         2634    .rodata.arm_cfft_sR_q15_len32  arm_cortexM4lf_math.lib(arm_const_structs.o)
    0x08006438   0x08006438   0x00000010   Data   RO         2641    .rodata.arm_cfft_sR_q15_len4096  arm_cortexM4lf_math.lib(arm_const_structs.o)
    0x08006448   0x08006448   0x00000010   Data   RO         2638    .rodata.arm_cfft_sR_q15_len512  arm_cortexM4lf_math.lib(arm_const_structs.o)
    0x08006458   0x08006458   0x00000010   Data   RO         2635    .rodata.arm_cfft_sR_q15_len64  arm_cortexM4lf_math.lib(arm_const_structs.o)
    0x08006468   0x08006468   0x00004000   Data   RO         2570    .rodata.realCoefAQ15  arm_cortexM4lf_math.lib(arm_common_tables.o)
    0x0800a468   0x0800a468   0x00004000   Data   RO         2571    .rodata.realCoefBQ15  arm_cortexM4lf_math.lib(arm_common_tables.o)
    0x0800e468   0x0800e468   0x00000c00   Data   RO         2520    .rodata.twiddleCoef_1024_q15  arm_cortexM4lf_math.lib(arm_common_tables.o)
    0x0800f068   0x0800f068   0x00000180   Data   RO         2517    .rodata.twiddleCoef_128_q15  arm_cortexM4lf_math.lib(arm_common_tables.o)
    0x0800f1e8   0x0800f1e8   0x00000030   Data   RO         2514    .rodata.twiddleCoef_16_q15  arm_cortexM4lf_math.lib(arm_common_tables.o)
    0x0800f218   0x0800f218   0x00001800   Data   RO         2521    .rodata.twiddleCoef_2048_q15  arm_cortexM4lf_math.lib(arm_common_tables.o)
    0x08010a18   0x08010a18   0x00000300   Data   RO         2518    .rodata.twiddleCoef_256_q15  arm_cortexM4lf_math.lib(arm_common_tables.o)
    0x08010d18   0x08010d18   0x00000060   Data   RO         2515    .rodata.twiddleCoef_32_q15  arm_cortexM4lf_math.lib(arm_common_tables.o)
    0x08010d78   0x08010d78   0x00003000   Data   RO         2522    .rodata.twiddleCoef_4096_q15  arm_cortexM4lf_math.lib(arm_common_tables.o)
    0x08013d78   0x08013d78   0x00000600   Data   RO         2519    .rodata.twiddleCoef_512_q15  arm_cortexM4lf_math.lib(arm_common_tables.o)
    0x08014378   0x08014378   0x000000c0   Data   RO         2516    .rodata.twiddleCoef_64_q15  arm_cortexM4lf_math.lib(arm_common_tables.o)
    0x08014438   0x08014438   0x00000020   Data   RO         2751    Region$$Table       anon$$obj.o


    Execution Region RW_IRAM1 (Exec base: 0x20000000, Load base: 0x08014458, Size: 0x000025a8, Max: 0x00020000, ABSOLUTE)

    Exec Addr    Load Addr    Size         Type   Attr      Idx    E Section Name        Object

    0x20000000   0x08014458   0x0000000f   Data   RW           22    .data               main.o
    0x2000000f   0x08014467   0x00000001   PAD
    0x20000010   0x08014468   0x0000000c   Data   RW         1789    .data               stm32f4xx_hal.o
    0x2000001c   0x08014474   0x00000004   Data   RW         2417    .data               system_stm32f4xx.o
    0x20000020        -       0x00002038   Zero   RW           21    .bss                main.o
    0x20002058        -       0x000000a8   Zero   RW          250    .bss                adc.o
    0x20002100        -       0x000000a4   Zero   RW          316    .bss                usart.o
    0x200021a4   0x08014478   0x00000004   PAD
    0x200021a8        -       0x00000400   Zero   RW            1    STACK               startup_stm32f446xx.o


==============================================================================

Image component sizes


      Code (inc. data)   RO Data    RW Data    ZI Data      Debug   Object Name

       252         34          0          0        168       1827   adc.o
        76          4          0          0          0        842   dma.o
        68          0          0          0          0       1783   formattedoutput.o
       112         10          0          0          0        947   gpio.o
       522         82          0         15       8248     712979   main.o
        36          8        452          0       1024        848   startup_stm32f446xx.o
       144         24          0         12          0       8717   stm32f4xx_hal.o
      1220         72          0          0          0       6455   stm32f4xx_hal_adc.o
       198         14          0          0          0      34019   stm32f4xx_hal_cortex.o
       902         16          8          0          0       5887   stm32f4xx_hal_dma.o
       486         42          0          0          0       2216   stm32f4xx_hal_gpio.o
        48          6          0          0          0        878   stm32f4xx_hal_msp.o
       112         14          0          0          0       1312   stm32f4xx_hal_pwr_ex.o
       372         44          0          0          0       2938   stm32f4xx_hal_rcc.o
      1072         32          0          0          0       2842   stm32f4xx_hal_rcc_ex.o
       644         10          0          0          0       4184   stm32f4xx_hal_uart.o
        44         12          0          0          0       5254   stm32f4xx_it.o
        16          4         24          4          0       1163   system_stm32f4xx.o
       220         30          0          0        164       1845   usart.o

    ----------------------------------------------------------------------
      6566        458        516         32       9608     796936   Object Totals
         0          0         32          0          0          0   (incl. Generated)
        22          0          0          1          4          0   (incl. Padding)

    ----------------------------------------------------------------------

      Code (inc. data)   RO Data    RW Data    ZI Data      Debug   Library Member Name

        74          0          0          0          0       1792   arm_bitreversal2.o
       582          0          0          0          0       4796   arm_cfft_q15.o
      1128          0          0          0          0      11507   arm_cfft_radix4_q15.o
         0          0      73160          0          0       6294   arm_common_tables.o
         0          0        144          0          0       4820   arm_const_structs.o
       212          0          0          0          0       1713   arm_rfft_init_q15.o
       362          0          0          0          0       4044   arm_rfft_q15.o
         0          0          0          0          0          0   entry.o
         0          0          0          0          0          0   entry10a.o
         0          0          0          0          0          0   entry11a.o
         4          0          0          0          0          0   entry12b.o
         8          4          0          0          0          0   entry2.o
         4          0          0          0          0          0   entry5.o
         0          0          0          0          0          0   entry7b.o
         0          0          0          0          0          0   entry8b.o
         8          4          0          0          0          0   entry9a.o
        30          0          0          0          0          0   handlers.o
        36          8          0          0          0         68   init.o
        30          0          0          0          0         68   llshl.o
        32          0          0          0          0         68   llushr.o
        36          0          0          0          0        108   memseta.o
        98          0          0          0          0         92   uldiv.o

    ----------------------------------------------------------------------
      2646         16      73304          0          0      35370   Library Totals
         2          0          0          0          0          0   (incl. Padding)

    ----------------------------------------------------------------------

      Code (inc. data)   RO Data    RW Data    ZI Data      Debug   Library Name

      2358          0      73304          0          0      34966   arm_cortexM4lf_math.lib
       286         16          0          0          0        404   mc_w.l

    ----------------------------------------------------------------------
      2646         16      73304          0          0      35370   Library Totals

    ----------------------------------------------------------------------

==============================================================================


      Code (inc. data)   RO Data    RW Data    ZI Data      Debug   

      9212        474      73820         32       9608     826842   Grand Totals
      9212        474      73820         32       9608     826842   ELF Image Totals
      9212        474      73820         32          0          0   ROM Totals

==============================================================================

    Total RO  Size (Code + RO Data)                83032 (  81.09kB)
    Total RW  Size (RW Data + ZI Data)              9640 (   9.41kB)
    Total ROM Size (Code + RO Data + RW Data)      83064 (  81.12kB)

==============================================================================

